Component: ARM Compiler 5.06 update 1 (build 61) Tool: armlink [4d35a8]

==============================================================================

Section Cross References

    stm32f0xx_hal_flash_ex.o(i.FLASH_MassErase) refers to stm32f0xx_hal_flash.o(.bss) for pFlash
    stm32f0xx_hal_flash_ex.o(i.FLASH_OB_DisableWRP) refers to main.o(i.assert_failed) for assert_failed
    stm32f0xx_hal_flash_ex.o(i.FLASH_OB_DisableWRP) refers to stm32f0xx_hal_flash.o(i.FLASH_WaitForLastOperation) for FLASH_WaitForLastOperation
    stm32f0xx_hal_flash_ex.o(i.FLASH_OB_DisableWRP) refers to stm32f0xx_hal_flash_ex.o(i.HAL_FLASHEx_OBErase) for HAL_FLASHEx_OBErase
    stm32f0xx_hal_flash_ex.o(i.FLASH_OB_DisableWRP) refers to stm32f0xx_hal_flash_ex.o(i.FLASH_OB_ProgramData) for i.FLASH_OB_ProgramData
    stm32f0xx_hal_flash_ex.o(i.FLASH_OB_DisableWRP) refers to stm32f0xx_hal_flash.o(.bss) for pFlash
    stm32f0xx_hal_flash_ex.o(i.FLASH_OB_EnableWRP) refers to main.o(i.assert_failed) for assert_failed
    stm32f0xx_hal_flash_ex.o(i.FLASH_OB_EnableWRP) refers to stm32f0xx_hal_flash.o(i.FLASH_WaitForLastOperation) for FLASH_WaitForLastOperation
    stm32f0xx_hal_flash_ex.o(i.FLASH_OB_EnableWRP) refers to stm32f0xx_hal_flash_ex.o(i.HAL_FLASHEx_OBErase) for HAL_FLASHEx_OBErase
    stm32f0xx_hal_flash_ex.o(i.FLASH_OB_EnableWRP) refers to stm32f0xx_hal_flash_ex.o(i.FLASH_OB_ProgramData) for i.FLASH_OB_ProgramData
    stm32f0xx_hal_flash_ex.o(i.FLASH_OB_EnableWRP) refers to stm32f0xx_hal_flash.o(.bss) for pFlash
    stm32f0xx_hal_flash_ex.o(i.FLASH_OB_ProgramData) refers to main.o(i.assert_failed) for assert_failed
    stm32f0xx_hal_flash_ex.o(i.FLASH_OB_ProgramData) refers to stm32f0xx_hal_flash.o(i.FLASH_WaitForLastOperation) for FLASH_WaitForLastOperation
    stm32f0xx_hal_flash_ex.o(i.FLASH_OB_ProgramData) refers to stm32f0xx_hal_flash.o(.bss) for pFlash
    stm32f0xx_hal_flash_ex.o(i.FLASH_OB_RDP_LevelConfig) refers to main.o(i.assert_failed) for assert_failed
    stm32f0xx_hal_flash_ex.o(i.FLASH_OB_RDP_LevelConfig) refers to stm32f0xx_hal_flash.o(i.FLASH_WaitForLastOperation) for FLASH_WaitForLastOperation
    stm32f0xx_hal_flash_ex.o(i.FLASH_OB_RDP_LevelConfig) refers to stm32f0xx_hal_flash.o(.bss) for pFlash
    stm32f0xx_hal_flash_ex.o(i.FLASH_OB_UserConfig) refers to stm32f0xx_hal_flash.o(i.FLASH_WaitForLastOperation) for FLASH_WaitForLastOperation
    stm32f0xx_hal_flash_ex.o(i.FLASH_OB_UserConfig) refers to stm32f0xx_hal_flash.o(.bss) for pFlash
    stm32f0xx_hal_flash_ex.o(i.FLASH_PageErase) refers to stm32f0xx_hal_flash.o(.bss) for pFlash
    stm32f0xx_hal_flash_ex.o(i.HAL_FLASHEx_Erase) refers to main.o(i.assert_failed) for assert_failed
    stm32f0xx_hal_flash_ex.o(i.HAL_FLASHEx_Erase) refers to stm32f0xx_hal_flash.o(i.FLASH_WaitForLastOperation) for FLASH_WaitForLastOperation
    stm32f0xx_hal_flash_ex.o(i.HAL_FLASHEx_Erase) refers to stm32f0xx_hal_flash_ex.o(i.FLASH_MassErase) for FLASH_MassErase
    stm32f0xx_hal_flash_ex.o(i.HAL_FLASHEx_Erase) refers to stm32f0xx_hal_flash_ex.o(i.FLASH_PageErase) for FLASH_PageErase
    stm32f0xx_hal_flash_ex.o(i.HAL_FLASHEx_Erase) refers to stm32f0xx_hal_flash.o(.bss) for pFlash
    stm32f0xx_hal_flash_ex.o(i.HAL_FLASHEx_Erase_IT) refers to main.o(i.assert_failed) for assert_failed
    stm32f0xx_hal_flash_ex.o(i.HAL_FLASHEx_Erase_IT) refers to stm32f0xx_hal_flash_ex.o(i.FLASH_PageErase) for FLASH_PageErase
    stm32f0xx_hal_flash_ex.o(i.HAL_FLASHEx_Erase_IT) refers to stm32f0xx_hal_flash_ex.o(i.FLASH_MassErase) for FLASH_MassErase
    stm32f0xx_hal_flash_ex.o(i.HAL_FLASHEx_Erase_IT) refers to stm32f0xx_hal_flash.o(.bss) for pFlash
    stm32f0xx_hal_flash_ex.o(i.HAL_FLASHEx_OBErase) refers to stm32f0xx_hal_flash_ex.o(i.FLASH_OB_GetRDP) for FLASH_OB_GetRDP
    stm32f0xx_hal_flash_ex.o(i.HAL_FLASHEx_OBErase) refers to stm32f0xx_hal_flash.o(i.FLASH_WaitForLastOperation) for FLASH_WaitForLastOperation
    stm32f0xx_hal_flash_ex.o(i.HAL_FLASHEx_OBErase) refers to stm32f0xx_hal_flash_ex.o(i.FLASH_OB_RDP_LevelConfig) for FLASH_OB_RDP_LevelConfig
    stm32f0xx_hal_flash_ex.o(i.HAL_FLASHEx_OBErase) refers to stm32f0xx_hal_flash.o(.bss) for pFlash
    stm32f0xx_hal_flash_ex.o(i.HAL_FLASHEx_OBGetConfig) refers to stm32f0xx_hal_flash_ex.o(i.FLASH_OB_GetRDP) for FLASH_OB_GetRDP
    stm32f0xx_hal_flash_ex.o(i.HAL_FLASHEx_OBProgram) refers to main.o(i.assert_failed) for assert_failed
    stm32f0xx_hal_flash_ex.o(i.HAL_FLASHEx_OBProgram) refers to stm32f0xx_hal_flash_ex.o(i.FLASH_OB_DisableWRP) for FLASH_OB_DisableWRP
    stm32f0xx_hal_flash_ex.o(i.HAL_FLASHEx_OBProgram) refers to stm32f0xx_hal_flash_ex.o(i.FLASH_OB_EnableWRP) for FLASH_OB_EnableWRP
    stm32f0xx_hal_flash_ex.o(i.HAL_FLASHEx_OBProgram) refers to stm32f0xx_hal_flash_ex.o(i.FLASH_OB_RDP_LevelConfig) for FLASH_OB_RDP_LevelConfig
    stm32f0xx_hal_flash_ex.o(i.HAL_FLASHEx_OBProgram) refers to stm32f0xx_hal_flash_ex.o(i.FLASH_OB_UserConfig) for FLASH_OB_UserConfig
[...]
    Removing stm32f0xx_hal_spi.o(i.SPI_DMAHalfTransmitCplt), (10 bytes).
    Removing stm32f0xx_hal_spi.o(i.SPI_DMAHalfTransmitReceiveCplt), (10 bytes).
    Removing stm32f0xx_hal_spi.o(i.SPI_DMAReceiveCplt), (204 bytes).
    Removing stm32f0xx_hal_spi.o(i.SPI_DMATransmitCplt), (84 bytes).
    Removing stm32f0xx_hal_spi.o(i.SPI_DMATransmitReceiveCplt), (200 bytes).
    Removing stm32f0xx_hal_spi.o(i.SPI_RxISR_16BIT), (80 bytes).
    Removing stm32f0xx_hal_spi.o(i.SPI_RxISR_16BITCRC), (26 bytes).
    Removing stm32f0xx_hal_spi.o(i.SPI_RxISR_8BIT), (80 bytes).
    Removing stm32f0xx_hal_spi.o(i.SPI_RxISR_8BITCRC), (26 bytes).
    Removing stm32f0xx_hal_spi.o(i.SPI_TxISR_16BIT), (56 bytes).
    Removing stm32f0xx_hal_spi.o(i.SPI_TxISR_8BIT), (54 bytes).
    Removing startup_stm32f051x8.o(HEAP), (512 bytes).
    Removing stm32f0xx_it.o(.rev16_text), (4 bytes).
    Removing stm32f0xx_it.o(.revsh_text), (4 bytes).
    Removing main.o(.rev16_text), (4 bytes).
    Removing main.o(.revsh_text), (4 bytes).
    Removing main.o(i.manag_sw), (164 bytes).
    Removing main.o(i.nx_delay_us), (20 bytes).
    Removing main.o(.bss), (258 bytes).
    Removing main.o(.bss), (518 bytes).
    Removing main.o(.data), (1 bytes).
    Removing main.o(.data), (4 bytes).
    Removing main.o(.data), (4 bytes).
    Removing main.o(.data), (4 bytes).
    Removing main.o(.data), (4 bytes).
    Removing main.o(.data), (1 bytes).
    Removing stm32f0xx_hal_msp.o(.rev16_text), (4 bytes).
    Removing stm32f0xx_hal_msp.o(.revsh_text), (4 bytes).
    Removing stm32f0xx_hal_msp.o(i.HAL_SPI_MspDeInit), (48 bytes).
    Removing stm32f0xx_hal_msp.o(i.HAL_TIM_Base_MspDeInit), (36 bytes).
    Removing stm32f0xx_hal_msp.o(i.HAL_UART_MspDeInit), (80 bytes).
    Removing system_stm32f0xx.o(.rev16_text), (4 bytes).
    Removing system_stm32f0xx.o(.revsh_text), (4 bytes).
    Removing system_stm32f0xx.o(i.SystemCoreClockUpdate), (108 bytes).
    Removing system_stm32f0xx.o(.constdata), (16 bytes).
    Removing print_debug.o(.rev16_text), (4 bytes).
    Removing print_debug.o(.revsh_text), (4 bytes).
    Removing print_debug.o(i.print_debug_semph), (2 bytes).
    Removing handler.o(.rev16_text), (4 bytes).
    Removing handler.o(.revsh_text), (4 bytes).
    Removing handler.o(.data), (1 bytes).
    Removing protocol.o(.rev16_text), (4 bytes).
    Removing protocol.o(.revsh_text), (4 bytes).
    Removing protocol.o(i.INT_sendEventReportCmd), (156 bytes).
    Removing uart2_manag.o(.rev16_text), (4 bytes).
    Removing uart2_manag.o(.revsh_text), (4 bytes).
    Removing xbee.o(.rev16_text), (4 bytes).
    Removing xbee.o(.revsh_text), (4 bytes).
    Removing xbee.o(i.xbee_api_proc), (2 bytes).
    Removing xbee.o(i.xbee_at_cmd), (2 bytes).
    Removing xbee.o(.data), (8 bytes).
    Removing xbeehandler.o(.rev16_text), (4 bytes).
    Removing xbeehandler.o(.revsh_text), (4 bytes).
    Removing cdcmple.o(.text), (40 bytes).

426 unused section(s) (total 53411 bytes) removed from the image.

==============================================================================

Image Symbol Table

    Local Symbols

    Symbol Name                              Value     Ov Type        Size  Object(Section)

    ../Drivers/CMSIS/Device/ST/STM32F0xx/Source/Templates/system_stm32f0xx.c 0x00000000   Number         0  system_stm32f0xx.o ABSOLUTE
    ../Drivers/STM32F0xx_HAL_Driver/Src/stm32f0xx_hal.c 0x00000000   Number         0  stm32f0xx_hal.o ABSOLUTE
    ../Drivers/STM32F0xx_HAL_Driver/Src/stm32f0xx_hal_cortex.c 0x00000000   Number         0  stm32f0xx_hal_cortex.o ABSOLUTE
    ../Drivers/STM32F0xx_HAL_Driver/Src/stm32f0xx_hal_dma.c 0x00000000   Number         0  stm32f0xx_hal_dma.o ABSOLUTE
    ../Drivers/STM32F0xx_HAL_Driver/Src/stm32f0xx_hal_flash.c 0x00000000   Number         0  stm32f0xx_hal_flash.o ABSOLUTE
    ../Drivers/STM32F0xx_HAL_Driver/Src/stm32f0xx_hal_flash_ex.c 0x00000000   Number         0  stm32f0xx_hal_flash_ex.o ABSOLUTE
    ../Drivers/STM32F0xx_HAL_Driver/Src/stm32f0xx_hal_gpio.c 0x00000000   Number         0  stm32f0xx_hal_gpio.o ABSOLUTE
    ../Drivers/STM32F0xx_HAL_Driver/Src/stm32f0xx_hal_i2c.c 0x00000000   Number         0  stm32f0xx_hal_i2c.o ABSOLUTE
    ../Drivers/STM32F0xx_HAL_Driver/Src/stm32f0xx_hal_i2c_ex.c 0x00000000   Number         0  stm32f0xx_hal_i2c_ex.o ABSOLUTE
    ../Drivers/STM32F0xx_HAL_Driver/Src/stm32f0xx_hal_pwr.c 0x00000000   Number         0  stm32f0xx_hal_pwr.o ABSOLUTE
    ../Drivers/STM32F0xx_HAL_Driver/Src/stm32f0xx_hal_pwr_ex.c 0x00000000   Number         0  stm32f0xx_hal_pwr_ex.o ABSOLUTE
    ../Drivers/STM32F0xx_HAL_Driver/Src/stm32f0xx_hal_rcc.c 0x00000000   Number         0  stm32f0xx_hal_rcc.o ABSOLUTE
    ../Drivers/STM32F0xx_HAL_Driver/Src/stm32f0xx_hal_rcc_ex.c 0x00000000   Number         0  stm32f0xx_hal_rcc_ex.o ABSOLUTE
    ../Drivers/STM32F0xx_HAL_Driver/Src/stm32f0xx_hal_spi.c 0x00000000   Number         0  stm32f0xx_hal_spi.o ABSOLUTE
    ../Drivers/STM32F0xx_HAL_Driver/Src/stm32f0xx_hal_spi_ex.c 0x00000000   Number         0  stm32f0xx_hal_spi_ex.o ABSOLUTE
    ../Drivers/STM32F0xx_HAL_Driver/Src/stm32f0xx_hal_tim.c 0x00000000   Number         0  stm32f0xx_hal_tim.o ABSOLUTE
    ../Drivers/STM32F0xx_HAL_Driver/Src/stm32f0xx_hal_tim_ex.c 0x00000000   Number         0  stm32f0xx_hal_tim_ex.o ABSOLUTE
    ../Drivers/STM32F0xx_HAL_Driver/Src/stm32f0xx_hal_uart.c 0x00000000   Number         0  stm32f0xx_hal_uart.o ABSOLUTE
    ../Drivers/STM32F0xx_HAL_Driver/Src/stm32f0xx_hal_uart_ex.c 0x00000000   Number         0  stm32f0xx_hal_uart_ex.o ABSOLUTE
    ../Src/main.c                            0x00000000   Number         0  main.o ABSOLUTE
    ../Src/stm32f0xx_hal_msp.c               0x00000000   Number         0  stm32f0xx_hal_msp.o ABSOLUTE
    ../Src/stm32f0xx_it.c                    0x00000000   Number         0  stm32f0xx_it.o ABSOLUTE
    ../clib/microlib/ctype/ctype.c           0x00000000   Number         0  isalpha_o.o ABSOLUTE
    ../clib/microlib/ctype/ctype.c           0x00000000   Number         0  isprint_o.o ABSOLUTE
    ../clib/microlib/ctype/ctype.c           0x00000000   Number         0  isxdigit_o.o ABSOLUTE
    ../clib/microlib/ctype/ctype.c           0x00000000   Number         0  islower_o.o ABSOLUTE
    ../clib/microlib/ctype/ctype.c           0x00000000   Number         0  isalnum_o.o ABSOLUTE
    ../clib/microlib/ctype/ctype.c           0x00000000   Number         0  isdigit_o.o ABSOLUTE
    ../clib/microlib/ctype/ctype.c           0x00000000   Number         0  isgraph_o.o ABSOLUTE
    ../clib/microlib/ctype/ctype.c           0x00000000   Number         0  isblank_o.o ABSOLUTE
    ../clib/microlib/ctype/ctype.c           0x00000000   Number         0  iscntrl_o.o ABSOLUTE
    ../clib/microlib/ctype/ctype.c           0x00000000   Number         0  ctype_o.o ABSOLUTE
    ../clib/microlib/ctype/ctype.c           0x00000000   Number         0  ispunct_o.o ABSOLUTE
    ../clib/microlib/ctype/ctype.c           0x00000000   Number         0  isspace_o.o ABSOLUTE
    ../clib/microlib/ctype/ctype.c           0x00000000   Number         0  isupper_o.o ABSOLUTE
    ../clib/microlib/division.c              0x00000000   Number         0  uldiv.o ABSOLUTE
    ../clib/microlib/division.c              0x00000000   Number         0  uidiv.o ABSOLUTE
    ../clib/microlib/division.c              0x00000000   Number         0  idiv.o ABSOLUTE
    ../clib/microlib/errno.c                 0x00000000   Number         0  errno.o ABSOLUTE
    ../clib/microlib/init/entry.s            0x00000000   Number         0  entry7b.o ABSOLUTE
    ../clib/microlib/init/entry.s            0x00000000   Number         0  entry7a.o ABSOLUTE
    ../clib/microlib/init/entry.s            0x00000000   Number         0  entry5.o ABSOLUTE
    ../clib/microlib/init/entry.s            0x00000000   Number         0  entry2.o ABSOLUTE
    ../clib/microlib/init/entry.s            0x00000000   Number         0  entry11a.o ABSOLUTE
    ../clib/microlib/init/entry.s            0x00000000   Number         0  entry10b.o ABSOLUTE
    ../clib/microlib/init/entry.s            0x00000000   Number         0  entry10a.o ABSOLUTE
    ../clib/microlib/init/entry.s            0x00000000   Number         0  entry9b.o ABSOLUTE
    ../clib/microlib/init/entry.s            0x00000000   Number         0  entry8b.o ABSOLUTE
    ../clib/microlib/init/entry.s            0x00000000   Number         0  entry8a.o ABSOLUTE
    ../clib/microlib/init/entry.s            0x00000000   Number         0  entry.o ABSOLUTE
    ../clib/microlib/init/entry.s            0x00000000   Number         0  entry9a.o ABSOLUTE
    ../clib/microlib/init/entry.s            0x00000000   Number         0  entry11b.o ABSOLUTE
    ../clib/microlib/longlong.c              0x00000000   Number         0  llshl.o ABSOLUTE
    ../clib/microlib/longlong.c              0x00000000   Number         0  llsshr.o ABSOLUTE
    ../clib/microlib/longlong.c              0x00000000   Number         0  llushr.o ABSOLUTE
    ../clib/microlib/printf/printf.c         0x00000000   Number         0  printfa.o ABSOLUTE
    ../clib/microlib/stdio/fputc.c           0x00000000   Number         0  fputc.o ABSOLUTE
    ../clib/microlib/stdio/semi.s            0x00000000   Number         0  semi.o ABSOLUTE
    ../clib/microlib/stdio/streams.c         0x00000000   Number         0  stdout.o ABSOLUTE
    ../clib/microlib/string/memcpy.c         0x00000000   Number         0  memcpyb.o ABSOLUTE
    ../clib/microlib/string/memcpy.c         0x00000000   Number         0  memcpya.o ABSOLUTE
    ../clib/microlib/string/memset.c         0x00000000   Number         0  memseta.o ABSOLUTE
    ../clib/microlib/string/strcspn.c        0x00000000   Number         0  strcspn.o ABSOLUTE
    ../clib/microlib/string/strlen.c         0x00000000   Number         0  strlen.o ABSOLUTE
    ../clib/microlib/stubs.s                 0x00000000   Number         0  iusefp.o ABSOLUTE
    ../clib/microlib/stubs.s                 0x00000000   Number         0  iusesemip.o ABSOLUTE
    ../fplib/microlib/d2f.c                  0x00000000   Number         0  d2f.o ABSOLUTE
    ../fplib/microlib/f2d.c                  0x00000000   Number         0  f2d.o ABSOLUTE
    ../fplib/microlib/fpadd.c                0x00000000   Number         0  fadd.o ABSOLUTE
    ../fplib/microlib/fpadd.c                0x00000000   Number         0  dadd.o ABSOLUTE
    ../fplib/microlib/fpdiv.c                0x00000000   Number         0  fdiv.o ABSOLUTE
    ../fplib/microlib/fpdiv.c                0x00000000   Number         0  ddiv.o ABSOLUTE
    ../fplib/microlib/fpepilogue.c           0x00000000   Number         0  fepilogue.o ABSOLUTE
    ../fplib/microlib/fpepilogue.c           0x00000000   Number         0  depilogue.o ABSOLUTE
    ../fplib/microlib/fpfix.c                0x00000000   Number         0  dfixul.o ABSOLUTE
    ../fplib/microlib/fpflt.c                0x00000000   Number         0  fflti.o ABSOLUTE
    ../fplib/microlib/fpflt.c                0x00000000   Number         0  dfltui.o ABSOLUTE
    ../fplib/microlib/fpmul.c                0x00000000   Number         0  fmul.o ABSOLUTE
    ../fplib/microlib/fpmul.c                0x00000000   Number         0  dmul.o ABSOLUTE
    ../fplib/microlib/fpsqrt.c               0x00000000   Number         0  dsqrt.o ABSOLUTE
    ../mathlib/sqrt.c                        0x00000000   Number         0  sqrt_x.o ABSOLUTE
    ../mathlib/sqrt.c                        0x00000000   Number         0  sqrt.o ABSOLUTE
    ..\Drivers\CMSIS\Device\ST\STM32F0xx\Source\Templates\system_stm32f0xx.c 0x00000000   Number         0  system_stm32f0xx.o ABSOLUTE
    ..\Drivers\STM32F0xx_HAL_Driver\Src\stm32f0xx_hal.c 0x00000000   Number         0  stm32f0xx_hal.o ABSOLUTE
    ..\Drivers\STM32F0xx_HAL_Driver\Src\stm32f0xx_hal_cortex.c 0x00000000   Number         0  stm32f0xx_hal_cortex.o ABSOLUTE
    ..\Drivers\STM32F0xx_HAL_Driver\Src\stm32f0xx_hal_dma.c 0x00000000   Number         0  stm32f0xx_hal_dma.o ABSOLUTE
    ..\Drivers\STM32F0xx_HAL_Driver\Src\stm32f0xx_hal_flash.c 0x00000000   Number         0  stm32f0xx_hal_flash.o ABSOLUTE
    ..\Drivers\STM32F0xx_HAL_Driver\Src\stm32f0xx_hal_flash_ex.c 0x00000000   Number         0  stm32f0xx_hal_flash_ex.o ABSOLUTE
    ..\Drivers\STM32F0xx_HAL_Driver\Src\stm32f0xx_hal_gpio.c 0x00000000   Number         0  stm32f0xx_hal_gpio.o ABSOLUTE
    ..\Drivers\STM32F0xx_HAL_Driver\Src\stm32f0xx_hal_i2c.c 0x00000000   Number         0  stm32f0xx_hal_i2c.o ABSOLUTE
    ..\Drivers\STM32F0xx_HAL_Driver\Src\stm32f0xx_hal_i2c_ex.c 0x00000000   Number         0  stm32f0xx_hal_i2c_ex.o ABSOLUTE
    ..\Drivers\STM32F0xx_HAL_Driver\Src\stm32f0xx_hal_pwr.c 0x00000000   Number         0  stm32f0xx_hal_pwr.o ABSOLUTE
    ..\Drivers\STM32F0xx_HAL_Driver\Src\stm32f0xx_hal_pwr_ex.c 0x00000000   Number         0  stm32f0xx_hal_pwr_ex.o ABSOLUTE
    ..\Drivers\STM32F0xx_HAL_Driver\Src\stm32f0xx_hal_rcc.c 0x00000000   Number         0  stm32f0xx_hal_rcc.o ABSOLUTE
    ..\Drivers\STM32F0xx_HAL_Driver\Src\stm32f0xx_hal_rcc_ex.c 0x00000000   Number         0  stm32f0xx_hal_rcc_ex.o ABSOLUTE
    ..\Drivers\STM32F0xx_HAL_Driver\Src\stm32f0xx_hal_spi.c 0x00000000   Number         0  stm32f0xx_hal_spi.o ABSOLUTE
    ..\Drivers\STM32F0xx_HAL_Driver\Src\stm32f0xx_hal_spi_ex.c 0x00000000   Number         0  stm32f0xx_hal_spi_ex.o ABSOLUTE
    ..\Drivers\STM32F0xx_HAL_Driver\Src\stm32f0xx_hal_tim.c 0x00000000   Number         0  stm32f0xx_hal_tim.o ABSOLUTE
    ..\Drivers\STM32F0xx_HAL_Driver\Src\stm32f0xx_hal_tim_ex.c 0x00000000   Number         0  stm32f0xx_hal_tim_ex.o ABSOLUTE
    ..\Drivers\STM32F0xx_HAL_Driver\Src\stm32f0xx_hal_uart.c 0x00000000   Number         0  stm32f0xx_hal_uart.o ABSOLUTE
    ..\Drivers\STM32F0xx_HAL_Driver\Src\stm32f0xx_hal_uart_ex.c 0x00000000   Number         0  stm32f0xx_hal_uart_ex.o ABSOLUTE
    ..\Src\main.c                            0x00000000   Number         0  main.o ABSOLUTE
    ..\Src\stm32f0xx_hal_msp.c               0x00000000   Number         0  stm32f0xx_hal_msp.o ABSOLUTE
    ..\Src\stm32f0xx_it.c                    0x00000000   Number         0  stm32f0xx_it.o ABSOLUTE
    ..\\nx_libs\\src\\handler.c              0x00000000   Number         0  handler.o ABSOLUTE
    ..\\nx_libs\\src\\print_debug.c          0x00000000   Number         0  print_debug.o ABSOLUTE
    ..\\nx_libs\\src\\protocol.c             0x00000000   Number         0  protocol.o ABSOLUTE
    ..\\nx_libs\\src\\uart2_manag.c          0x00000000   Number         0  uart2_manag.o ABSOLUTE
    ..\\nx_libs\\src\\xbee.c                 0x00000000   Number         0  xbee.o ABSOLUTE
    ..\\nx_libs\\src\\xbeehandler.c          0x00000000   Number         0  xbeehandler.o ABSOLUTE
    ..\nx_libs\src\handler.c                 0x00000000   Number         0  handler.o ABSOLUTE
    ..\nx_libs\src\print_debug.c             0x00000000   Number         0  print_debug.o ABSOLUTE
    ..\nx_libs\src\protocol.c                0x00000000   Number         0  protocol.o ABSOLUTE
    ..\nx_libs\src\uart2_manag.c             0x00000000   Number         0  uart2_manag.o ABSOLUTE
    ..\nx_libs\src\xbee.c                    0x00000000   Number         0  xbee.o ABSOLUTE
    ..\nx_libs\src\xbeehandler.c             0x00000000   Number         0  xbeehandler.o ABSOLUTE
    cdcmple.s                                0x00000000   Number         0  cdcmple.o ABSOLUTE
    cdrcmple.s                               0x00000000   Number         0  cdrcmple.o ABSOLUTE
    cfcmple.s                                0x00000000   Number         0  cfcmple.o ABSOLUTE
    cfrcmple.s                               0x00000000   Number         0  cfrcmple.o ABSOLUTE
    dc.s                                     0x00000000   Number         0  dc.o ABSOLUTE
    handlers.s                               0x00000000   Number         0  handlers.o ABSOLUTE
    init.s                                   0x00000000   Number         0  init.o ABSOLUTE
    startup_stm32f051x8.s                    0x00000000   Number         0  startup_stm32f051x8.o ABSOLUTE
    RESET                                    0x08000000   Section      188  startup_stm32f051x8.o(RESET)
    .ARM.Collect$$$$00000000                 0x080000bc   Section        0  entry.o(.ARM.Collect$$$$00000000)
    .ARM.Collect$$$$00000001                 0x080000bc   Section        4  entry2.o(.ARM.Collect$$$$00000001)
    .ARM.Collect$$$$00000004                 0x080000c0   Section        4  entry5.o(.ARM.Collect$$$$00000004)
    .ARM.Collect$$$$00000008                 0x080000c4   Section        0  entry7b.o(.ARM.Collect$$$$00000008)
    .ARM.Collect$$$$0000000A                 0x080000c4   Section        0  entry8b.o(.ARM.Collect$$$$0000000A)
    .ARM.Collect$$$$0000000B                 0x080000c4   Section        8  entry9a.o(.ARM.Collect$$$$0000000B)
    .ARM.Collect$$$$0000000D                 0x080000cc   Section        0  entry10a.o(.ARM.Collect$$$$0000000D)
    .ARM.Collect$$$$0000000F                 0x080000cc   Section        0  entry11a.o(.ARM.Collect$$$$0000000F)
    .ARM.Collect$$$$00002712                 0x080000cc   Section        4  entry2.o(.ARM.Collect$$$$00002712)
    __lit__00000000                          0x080000cc   Data           4  entry2.o(.ARM.Collect$$$$00002712)
    .text                                    0x080000d0   Section       28  startup_stm32f051x8.o(.text)
    .text                                    0x080000ec   Section        0  uidiv.o(.text)
    .text                                    0x08000118   Section        0  idiv.o(.text)
    .text                                    0x08000140   Section        0  llushr.o(.text)
    .text                                    0x08000164   Section        0  ctype_o.o(.text)
    .text                                    0x0800016c   Section        0  memcpya.o(.text)
    .text                                    0x08000190   Section        0  strlen.o(.text)
    .text                                    0x0800019e   Section        0  strcspn.o(.text)
    .text                                    0x080001c0   Section        0  fadd.o(.text)
    .text                                    0x08000272   Section        0  fmul.o(.text)
    .text                                    0x080002ec   Section        0  fdiv.o(.text)
    .text                                    0x08000368   Section        0  dadd.o(.text)
    .text                                    0x080004cc   Section        0  dmul.o(.text)
    .text                                    0x0800059c   Section        0  ddiv.o(.text)
    .text                                    0x0800068c   Section        0  fflti.o(.text)
    .text                                    0x080006a4   Section        0  dfltui.o(.text)
    .text                                    0x080006c0   Section        0  f2d.o(.text)
    .text                                    0x080006e8   Section        0  d2f.o(.text)
    .text                                    0x08000720   Section       20  cfcmple.o(.text)
    .text                                    0x08000734   Section       20  cfrcmple.o(.text)
    .text                                    0x08000748   Section        0  uldiv.o(.text)
    .text                                    0x080007a8   Section        0  llshl.o(.text)
    .text                                    0x080007c8   Section        0  llsshr.o(.text)
    .text                                    0x080007ee   Section        0  iusefp.o(.text)
    .text                                    0x080007ee   Section        0  fepilogue.o(.text)
    .text                                    0x08000870   Section        0  depilogue.o(.text)
    .text                                    0x0800092e   Section        0  dsqrt.o(.text)
    .text                                    0x080009d0   Section        0  dfixul.o(.text)
    .text                                    0x08000a10   Section       40  cdrcmple.o(.text)
    .text                                    0x08000a38   Section       36  init.o(.text)
    i.ChipSelect                             0x08000a5c   Section        0  main.o(i.ChipSelect)
    i.EXTI2_3_IRQHandler                     0x08000cb0   Section        0  stm32f0xx_it.o(i.EXTI2_3_IRQHandler)
    i.HAL_Delay                              0x08000cba   Section        0  stm32f0xx_hal.o(i.HAL_Delay)
    i.HAL_GPIO_EXTI_Callback                 0x08000cd0   Section        0  stm32f0xx_hal_gpio.o(i.HAL_GPIO_EXTI_Callback)
    i.HAL_GPIO_EXTI_IRQHandler               0x08000cd4   Section        0  stm32f0xx_hal_gpio.o(i.HAL_GPIO_EXTI_IRQHandler)
    i.HAL_GPIO_Init                          0x08000cec   Section        0  stm32f0xx_hal_gpio.o(i.HAL_GPIO_Init)
    i.HAL_GPIO_ReadPin                       0x08000f68   Section        0  stm32f0xx_hal_gpio.o(i.HAL_GPIO_ReadPin)
    i.HAL_GPIO_TogglePin                     0x08000fc0   Section        0  stm32f0xx_hal_gpio.o(i.HAL_GPIO_TogglePin)
    i.HAL_GPIO_WritePin                      0x08001018   Section        0  stm32f0xx_hal_gpio.o(i.HAL_GPIO_WritePin)
    i.HAL_GetTick                            0x08001084   Section        0  stm32f0xx_hal.o(i.HAL_GetTick)
    i.HAL_IncTick                            0x08001090   Section        0  stm32f0xx_hal.o(i.HAL_IncTick)
    i.HAL_Init                               0x080010a0   Section        0  stm32f0xx_hal.o(i.HAL_Init)
    i.HAL_InitTick                           0x080010c0   Section        0  stm32f0xx_hal.o(i.HAL_InitTick)
    i.HAL_MspInit                            0x080010e4   Section        0  stm32f0xx_hal_msp.o(i.HAL_MspInit)
    i.HAL_NVIC_EnableIRQ                     0x08001108   Section        0  stm32f0xx_hal_cortex.o(i.HAL_NVIC_EnableIRQ)
    i.HAL_NVIC_SetPriority                   0x08001164   Section        0  stm32f0xx_hal_cortex.o(i.HAL_NVIC_SetPriority)
    i.HAL_RCCEx_PeriphCLKConfig              0x080011bc   Section        0  stm32f0xx_hal_rcc_ex.o(i.HAL_RCCEx_PeriphCLKConfig)
    i.HAL_RCC_ClockConfig                    0x08001348   Section        0  stm32f0xx_hal_rcc.o(i.HAL_RCC_ClockConfig)
    i.HAL_RCC_GetHCLKFreq                    0x08001544   Section        0  stm32f0xx_hal_rcc.o(i.HAL_RCC_GetHCLKFreq)
    i.HAL_RCC_GetPCLK1Freq                   0x0800156c   Section        0  stm32f0xx_hal_rcc.o(i.HAL_RCC_GetPCLK1Freq)
    i.HAL_RCC_GetSysClockFreq                0x0800158c   Section        0  stm32f0xx_hal_rcc.o(i.HAL_RCC_GetSysClockFreq)
    i.HAL_RCC_OscConfig                      0x08001604   Section        0  stm32f0xx_hal_rcc.o(i.HAL_RCC_OscConfig)
    i.HAL_SPI_ErrorCallback                  0x08001bb8   Section        0  stm32f0xx_hal_spi.o(i.HAL_SPI_ErrorCallback)
    i.HAL_SPI_IRQHandler                     0x08001bba   Section        0  stm32f0xx_hal_spi.o(i.HAL_SPI_IRQHandler)
    i.HAL_SPI_Init                           0x08001c44   Section        0  stm32f0xx_hal_spi.o(i.HAL_SPI_Init)
    i.HAL_SPI_MspInit                        0x08001eec   Section        0  stm32f0xx_hal_msp.o(i.HAL_SPI_MspInit)
    i.HAL_SPI_Receive                        0x08001f40   Section        0  stm32f0xx_hal_spi.o(i.HAL_SPI_Receive)
    i.HAL_SPI_Transmit                       0x08002170   Section        0  stm32f0xx_hal_spi.o(i.HAL_SPI_Transmit)
    i.HAL_SPI_TransmitReceive                0x08002334   Section        0  stm32f0xx_hal_spi.o(i.HAL_SPI_TransmitReceive)
    i.HAL_SYSTICK_CLKSourceConfig            0x08002614   Section        0  stm32f0xx_hal_cortex.o(i.HAL_SYSTICK_CLKSourceConfig)
    i.HAL_SYSTICK_Callback                   0x0800267c   Section        0  stm32f0xx_hal_cortex.o(i.HAL_SYSTICK_Callback)
    i.HAL_SYSTICK_Config                     0x08002680   Section        0  stm32f0xx_hal_cortex.o(i.HAL_SYSTICK_Config)
    i.HAL_SYSTICK_IRQHandler                 0x080026b0   Section        0  stm32f0xx_hal_cortex.o(i.HAL_SYSTICK_IRQHandler)
    i.HAL_TIMEx_BreakCallback                0x080026b8   Section        0  stm32f0xx_hal_tim_ex.o(i.HAL_TIMEx_BreakCallback)
    i.HAL_TIMEx_CommutationCallback          0x080026ba   Section        0  stm32f0xx_hal_tim_ex.o(i.HAL_TIMEx_CommutationCallback)
    i.HAL_TIMEx_MasterConfigSynchronization  0x080026bc   Section        0  stm32f0xx_hal_tim_ex.o(i.HAL_TIMEx_MasterConfigSynchronization)
    i.HAL_TIM_Base_Init                      0x080027c4   Section        0  stm32f0xx_hal_tim.o(i.HAL_TIM_Base_Init)
    i.HAL_TIM_Base_MspInit                   0x080028c0   Section        0  stm32f0xx_hal_msp.o(i.HAL_TIM_Base_MspInit)
    i.HAL_TIM_Base_Start_IT                  0x080028f4   Section        0  stm32f0xx_hal_tim.o(i.HAL_TIM_Base_Start_IT)
    i.HAL_TIM_ConfigClockSource              0x080029a0   Section        0  stm32f0xx_hal_tim.o(i.HAL_TIM_ConfigClockSource)
    i.HAL_TIM_IC_CaptureCallback             0x08002da4   Section        0  stm32f0xx_hal_tim.o(i.HAL_TIM_IC_CaptureCallback)
    i.HAL_TIM_IRQHandler                     0x08002da6   Section        0  stm32f0xx_hal_tim.o(i.HAL_TIM_IRQHandler)
    i.HAL_TIM_OC_DelayElapsedCallback        0x08002f08   Section        0  stm32f0xx_hal_tim.o(i.HAL_TIM_OC_DelayElapsedCallback)
    i.HAL_TIM_PWM_PulseFinishedCallback      0x08002f0a   Section        0  stm32f0xx_hal_tim.o(i.HAL_TIM_PWM_PulseFinishedCallback)
    i.HAL_TIM_PeriodElapsedCallback          0x08002f0c   Section        0  stm32f0xx_hal_tim.o(i.HAL_TIM_PeriodElapsedCallback)
    i.HAL_TIM_TriggerCallback                0x08002f0e   Section        0  stm32f0xx_hal_tim.o(i.HAL_TIM_TriggerCallback)
    i.HAL_UARTEx_WakeupCallback              0x08002f10   Section        0  stm32f0xx_hal_uart_ex.o(i.HAL_UARTEx_WakeupCallback)
    i.HAL_UART_ErrorCallback                 0x08002f12   Section        0  stm32f0xx_hal_uart.o(i.HAL_UART_ErrorCallback)
    i.HAL_UART_IRQHandler                    0x08002f14   Section        0  stm32f0xx_hal_uart_ex.o(i.HAL_UART_IRQHandler)
    i.HAL_UART_Init                          0x08002ff8   Section        0  stm32f0xx_hal_uart.o(i.HAL_UART_Init)
    i.HAL_UART_MspInit                       0x080030d0   Section        0  stm32f0xx_hal_msp.o(i.HAL_UART_MspInit)
    i.HAL_UART_Receive_IT                    0x08003160   Section        0  stm32f0xx_hal_uart.o(i.HAL_UART_Receive_IT)
    i.HAL_UART_RxCpltCallback                0x080031f4   Section        0  stm32f0xx_hal_uart.o(i.HAL_UART_RxCpltCallback)
    i.HAL_UART_Transmit                      0x080031f6   Section        0  stm32f0xx_hal_uart.o(i.HAL_UART_Transmit)
    i.HAL_UART_TxCpltCallback                0x080032b0   Section        0  stm32f0xx_hal_uart.o(i.HAL_UART_TxCpltCallback)
    i.HardFault_Handler                      0x080032b2   Section        0  stm32f0xx_it.o(i.HardFault_Handler)
    i.INT_processNETMAINA                    0x080032b4   Section        0  handler.o(i.INT_processNETMAINA)
    i.INT_processPacket                      0x08003380   Section        0  protocol.o(i.INT_processPacket)
    i.INT_sendDataReportCmd                  0x080034f0   Section        0  protocol.o(i.INT_sendDataReportCmd)
    i.INT_sendNetworkMaintenanceCmd          0x080035a8   Section        0  protocol.o(i.INT_sendNetworkMaintenanceCmd)
    i.INT_sendPacket                         0x08003640   Section        0  handler.o(i.INT_sendPacket)
    i.INT_sendStatusReportCmd                0x080036cc   Section        0  protocol.o(i.INT_sendStatusReportCmd)
    i.MX_GPIO_Init                           0x08003770   Section        0  main.o(i.MX_GPIO_Init)
    MX_GPIO_Init                             0x08003771   Thumb Code   364  main.o(i.MX_GPIO_Init)
    i.MX_SPI1_Init                           0x080038fc   Section        0  main.o(i.MX_SPI1_Init)
    MX_SPI1_Init                             0x080038fd   Thumb Code    60  main.o(i.MX_SPI1_Init)
    i.MX_USART1_UART_Init                    0x08003940   Section        0  main.o(i.MX_USART1_UART_Init)
    MX_USART1_UART_Init                      0x08003941   Thumb Code    40  main.o(i.MX_USART1_UART_Init)
    i.MX_USART2_UART_Init                    0x08003970   Section        0  main.o(i.MX_USART2_UART_Init)
    MX_USART2_UART_Init                      0x08003971   Thumb Code    40  main.o(i.MX_USART2_UART_Init)
    i.NMI_Handler                            0x080039a0   Section        0  stm32f0xx_it.o(i.NMI_Handler)
    i.NVIC_SetPriority                       0x080039a4   Section        0  stm32f0xx_hal_cortex.o(i.NVIC_SetPriority)
    NVIC_SetPriority                         0x080039a5   Thumb Code    60  stm32f0xx_hal_cortex.o(i.NVIC_SetPriority)
    i.ReadCurrent                            0x080039e8   Section        0  main.o(i.ReadCurrent)
    i.ReadVoltage                            0x08003abc   Section        0  main.o(i.ReadVoltage)
    i.Read_Switch                            0x08003c40   Section        0  main.o(i.Read_Switch)
    i.Remote_Relay                           0x08003ca0   Section        0  protocol.o(i.Remote_Relay)
    i.SPI1_IRQHandler                        0x08003e68   Section        0  stm32f0xx_it.o(i.SPI1_IRQHandler)
    i.SPI_EndRxTransaction                   0x08003e78   Section        0  stm32f0xx_hal_spi.o(i.SPI_EndRxTransaction)
    SPI_EndRxTransaction                     0x08003e79   Thumb Code   110  stm32f0xx_hal_spi.o(i.SPI_EndRxTransaction)
    i.SPI_EndRxTxTransaction                 0x08003ee6   Section        0  stm32f0xx_hal_spi.o(i.SPI_EndRxTxTransaction)
    SPI_EndRxTxTransaction                   0x08003ee7   Thumb Code    50  stm32f0xx_hal_spi.o(i.SPI_EndRxTxTransaction)
    i.SPI_WaitFifoStateUntilTimeout          0x08003f18   Section        0  stm32f0xx_hal_spi.o(i.SPI_WaitFifoStateUntilTimeout)
    SPI_WaitFifoStateUntilTimeout            0x08003f19   Thumb Code   158  stm32f0xx_hal_spi.o(i.SPI_WaitFifoStateUntilTimeout)
    i.SPI_WaitFlagStateUntilTimeout          0x08003fbc   Section        0  stm32f0xx_hal_spi.o(i.SPI_WaitFlagStateUntilTimeout)
    SPI_WaitFlagStateUntilTimeout            0x08003fbd   Thumb Code   138  stm32f0xx_hal_spi.o(i.SPI_WaitFlagStateUntilTimeout)
    i.SysTick_Handler                        0x0800404c   Section        0  stm32f0xx_it.o(i.SysTick_Handler)
    i.SystemClock_Config                     0x08004058   Section        0  main.o(i.SystemClock_Config)
    i.SystemInit                             0x080040bc   Section        0  system_stm32f0xx.o(i.SystemInit)
    i.TIM3_IRQHandler                        0x08004118   Section        0  stm32f0xx_it.o(i.TIM3_IRQHandler)
    i.TIM_Base_SetConfig                     0x08004150   Section        0  stm32f0xx_hal_tim.o(i.TIM_Base_SetConfig)
    i.TIM_ETR_SetConfig                      0x080041dc   Section        0  stm32f0xx_hal_tim.o(i.TIM_ETR_SetConfig)
    TIM_ETR_SetConfig                        0x080041dd   Thumb Code    22  stm32f0xx_hal_tim.o(i.TIM_ETR_SetConfig)
    i.TIM_ITRx_SetConfig                     0x080041f2   Section        0  stm32f0xx_hal_tim.o(i.TIM_ITRx_SetConfig)
    TIM_ITRx_SetConfig                       0x080041f3   Thumb Code    16  stm32f0xx_hal_tim.o(i.TIM_ITRx_SetConfig)
    i.TIM_TI1_ConfigInputStage               0x08004202   Section        0  stm32f0xx_hal_tim.o(i.TIM_TI1_ConfigInputStage)
    TIM_TI1_ConfigInputStage                 0x08004203   Thumb Code    34  stm32f0xx_hal_tim.o(i.TIM_TI1_ConfigInputStage)
    i.TIM_TI2_ConfigInputStage               0x08004224   Section        0  stm32f0xx_hal_tim.o(i.TIM_TI2_ConfigInputStage)
    TIM_TI2_ConfigInputStage                 0x08004225   Thumb Code    38  stm32f0xx_hal_tim.o(i.TIM_TI2_ConfigInputStage)
    i.UART_AdvFeatureConfig                  0x0800424c   Section        0  stm32f0xx_hal_uart.o(i.UART_AdvFeatureConfig)
    i.UART_CheckIdleState                    0x08004434   Section        0  stm32f0xx_hal_uart.o(i.UART_CheckIdleState)
    i.UART_EndTransmit_IT                    0x08004490   Section        0  stm32f0xx_hal_uart.o(i.UART_EndTransmit_IT)
    i.UART_Receive_IT                        0x080044b6   Section        0  stm32f0xx_hal_uart.o(i.UART_Receive_IT)
    i.UART_SetConfig                         0x08004544   Section        0  stm32f0xx_hal_uart.o(i.UART_SetConfig)
    i.UART_Transmit_IT                       0x08004780   Section        0  stm32f0xx_hal_uart.o(i.UART_Transmit_IT)
    i.UART_WaitOnFlagUntilTimeout            0x080047ee   Section        0  stm32f0xx_hal_uart.o(i.UART_WaitOnFlagUntilTimeout)
    i.USART1_IRQHandler                      0x0800489c   Section        0  stm32f0xx_it.o(i.USART1_IRQHandler)
    i.USART2_IRQHandler                      0x080048ac   Section        0  stm32f0xx_it.o(i.USART2_IRQHandler)
    i.__0vsprintf                            0x080048c0   Section        0  printfa.o(i.__0vsprintf)
    i.__ARM_clz                              0x080048e4   Section        0  depilogue.o(i.__ARM_clz)
    i.__ARM_common_switch8                   0x08004912   Section        0  stm32f0xx_hal_tim.o(i.__ARM_common_switch8)
    i.__scatterload_copy                     0x0800492c   Section       14  handlers.o(i.__scatterload_copy)
    i.__scatterload_null                     0x0800493a   Section        2  handlers.o(i.__scatterload_null)
    i.__scatterload_zeroinit                 0x0800493c   Section       14  handlers.o(i.__scatterload_zeroinit)
    i.__set_errno                            0x0800494c   Section        0  errno.o(i.__set_errno)
    i._fp_digits                             0x08004958   Section        0  printfa.o(i._fp_digits)
    _fp_digits                               0x08004959   Thumb Code   316  printfa.o(i._fp_digits)
    i._printf_core                           0x08004ab0   Section        0  printfa.o(i._printf_core)
    _printf_core                             0x08004ab1   Thumb Code  1754  printfa.o(i._printf_core)
    i._printf_post_padding                   0x0800519c   Section        0  printfa.o(i._printf_post_padding)
    _printf_post_padding                     0x0800519d   Thumb Code    32  printfa.o(i._printf_post_padding)
    i._printf_pre_padding                    0x080051bc   Section        0  printfa.o(i._printf_pre_padding)
    _printf_pre_padding                      0x080051bd   Thumb Code    44  printfa.o(i._printf_pre_padding)
    i._sputc                                 0x080051e8   Section        0  printfa.o(i._sputc)
    _sputc                                   0x080051e9   Thumb Code    10  printfa.o(i._sputc)
    i.assert_failed                          0x080051f2   Section        0  main.o(i.assert_failed)
    i.getADC                                 0x080051f4   Section        0  main.o(i.getADC)
    i.main                                   0x08005270   Section        0  main.o(i.main)
    i.nodeAddress_write                      0x08005614   Section        0  xbee.o(i.nodeAddress_write)
    i.print_debug                            0x08005668   Section        0  print_debug.o(i.print_debug)
    i.print_hex_ascii_line                   0x08005698   Section        0  print_debug.o(i.print_hex_ascii_line)
    print_hex_ascii_line                     0x08005699   Thumb Code   152  print_debug.o(i.print_hex_ascii_line)
    i.print_init                             0x0800574c   Section        0  print_debug.o(i.print_init)
    i.print_payload                          0x08005758   Section        0  print_debug.o(i.print_payload)
    i.process_cmdData                        0x0800579c   Section        0  xbeehandler.o(i.process_cmdData)
    i.sendDataReport                         0x08005884   Section        0  main.o(i.sendDataReport)
    i.sendStatusReport                       0x08005aa0   Section        0  main.o(i.sendStatusReport)
    i.sqrt                                   0x08005c84   Section        0  sqrt.o(i.sqrt)
    i.uart2_callback                         0x08005ccc   Section        0  uart2_manag.o(i.uart2_callback)
    i.uart2_flush                            0x08005d14   Section        0  uart2_manag.o(i.uart2_flush)
    i.uart2_read                             0x08005d24   Section        0  uart2_manag.o(i.uart2_read)
    i.uart2_write                            0x08005d74   Section        0  uart2_manag.o(i.uart2_write)
    i.xbee_checkAssociation                  0x08005d8c   Section        0  xbee.o(i.xbee_checkAssociation)
    i.xbee_checksum                          0x08005da0   Section        0  xbee.o(i.xbee_checksum)
    i.xbee_flush                             0x08005dba   Section        0  xbee.o(i.xbee_flush)
    i.xbee_getserial                         0x08005dc4   Section        0  xbee.o(i.xbee_getserial)
    i.xbee_processATCMR                      0x08005f40   Section        0  xbeehandler.o(i.xbee_processATCMR)
    i.xbee_processMDS                        0x08005f6c   Section        0  xbeehandler.o(i.xbee_processMDS)
    i.xbee_processPacket                     0x080060e8   Section        0  xbee.o(i.xbee_processPacket)
    i.xbee_processZTS                        0x08006264   Section        0  xbeehandler.o(i.xbee_processZTS)
    i.xbee_read                              0x08006278   Section        0  xbee.o(i.xbee_read)
    i.xbee_readSerialNumber                  0x0800628c   Section        0  xbee.o(i.xbee_readSerialNumber)
    i.xbee_receivePacket                     0x080062e4   Section        0  xbee.o(i.xbee_receivePacket)
    i.xbee_sendAPI                           0x08006440   Section        0  xbee.o(i.xbee_sendAPI)
    i.xbee_sendATCommand                     0x080064dc   Section        0  xbee.o(i.xbee_sendATCommand)
    i.xbee_write                             0x08006558   Section        0  xbee.o(i.xbee_write)
    .constdata                               0x08006572   Section       16  stm32f0xx_hal_rcc.o(.constdata)
    .constdata                               0x08006582   Section      129  ctype_o.o(.constdata)
    .constdata                               0x08006604   Section        4  ctype_o.o(.constdata)
    table                                    0x08006604   Data           4  ctype_o.o(.constdata)
    .conststring                             0x08006608   Section      142  protocol.o(.conststring)
    .data                                    0x20000000   Section        4  stm32f0xx_hal.o(.data)
    uwTick                                   0x20000000   Data           4  stm32f0xx_hal.o(.data)
    .data                                    0x20000004   Section       28  stm32f0xx_it.o(.data)
    .data                                    0x20000020   Section      100  main.o(.data)
    .data                                    0x20000084   Section        4  system_stm32f0xx.o(.data)
    .data                                    0x20000088   Section        4  print_debug.o(.data)
    .data                                    0x2000008c   Section        4  handler.o(.data)
    .data                                    0x20000090   Section        5  uart2_manag.o(.data)
    .data                                    0x20000095   Section        8  xbee.o(.data)
    .data                                    0x2000009d   Section        8  xbee.o(.data)
    .data                                    0x200000a5   Section        3  xbeehandler.o(.data)
    .data                                    0x200000a8   Section        4  errno.o(.data)
    _errno                                   0x200000a8   Data           4  errno.o(.data)
    .bss                                     0x200000ac   Section      736  main.o(.bss)
    .bss                                     0x2000038c   Section      518  main.o(.bss)
    STACK                                    0x20000598   Section     1024  startup_stm32f051x8.o(STACK)

    Global Symbols

    Symbol Name                              Value     Ov Type        Size  Object(Section)

    BuildAttributes$$THM_ISAv3M$S$PE$A:L22$X:L11$S22$IEEE1$IW$USESV6$~STKCKD$USESV7$~SHL$OTIME$ROPI$IEEEJ$EBA8$MICROLIB$REQ8$PRES8$EABIv2 0x00000000   Number         0  anon$$obj.o ABSOLUTE
    __ARM_use_no_argv                        0x00000000   Number         0  main.o ABSOLUTE
    __cpp_initialize__aeabi_                  - Undefined Weak Reference
    __cxa_finalize                            - Undefined Weak Reference
    __decompress                              - Undefined Weak Reference
    _clock_init                               - Undefined Weak Reference
    _microlib_exit                            - Undefined Weak Reference
    __Vectors_Size                           0x000000bc   Number         0  startup_stm32f051x8.o ABSOLUTE
    __Vectors                                0x08000000   Data           4  startup_stm32f051x8.o(RESET)
    __Vectors_End                            0x080000bc   Data           0  startup_stm32f051x8.o(RESET)
    __main                                   0x080000bd   Thumb Code     0  entry.o(.ARM.Collect$$$$00000000)
    _main_stk                                0x080000bd   Thumb Code     0  entry2.o(.ARM.Collect$$$$00000001)
    _main_scatterload                        0x080000c1   Thumb Code     0  entry5.o(.ARM.Collect$$$$00000004)
    __main_after_scatterload                 0x080000c5   Thumb Code     0  entry5.o(.ARM.Collect$$$$00000004)
    _main_clock                              0x080000c5   Thumb Code     0  entry7b.o(.ARM.Collect$$$$00000008)
    _main_cpp_init                           0x080000c5   Thumb Code     0  entry8b.o(.ARM.Collect$$$$0000000A)
    _main_init                               0x080000c5   Thumb Code     0  entry9a.o(.ARM.Collect$$$$0000000B)
    __rt_final_cpp                           0x080000cd   Thumb Code     0  entry10a.o(.ARM.Collect$$$$0000000D)
    __rt_final_exit                          0x080000cd   Thumb Code     0  entry11a.o(.ARM.Collect$$$$0000000F)
    Reset_Handler                            0x080000d1   Thumb Code     8  startup_stm32f051x8.o(.text)
    SVC_Handler                              0x080000dd   Thumb Code     2  startup_stm32f051x8.o(.text)
    PendSV_Handler                           0x080000df   Thumb Code     2  startup_stm32f051x8.o(.text)
    ADC1_COMP_IRQHandler                     0x080000e3   Thumb Code     0  startup_stm32f051x8.o(.text)
    CEC_IRQHandler                           0x080000e3   Thumb Code     0  startup_stm32f051x8.o(.text)
    DMA1_Channel1_IRQHandler                 0x080000e3   Thumb Code     0  startup_stm32f051x8.o(.text)
    DMA1_Channel2_3_IRQHandler               0x080000e3   Thumb Code     0  startup_stm32f051x8.o(.text)
    DMA1_Channel4_5_IRQHandler               0x080000e3   Thumb Code     0  startup_stm32f051x8.o(.text)
    EXTI0_1_IRQHandler                       0x080000e3   Thumb Code     0  startup_stm32f051x8.o(.text)
    EXTI4_15_IRQHandler                      0x080000e3   Thumb Code     0  startup_stm32f051x8.o(.text)
    FLASH_IRQHandler                         0x080000e3   Thumb Code     0  startup_stm32f051x8.o(.text)
    I2C1_IRQHandler                          0x080000e3   Thumb Code     0  startup_stm32f051x8.o(.text)
    I2C2_IRQHandler                          0x080000e3   Thumb Code     0  startup_stm32f051x8.o(.text)
    PVD_IRQHandler                           0x080000e3   Thumb Code     0  startup_stm32f051x8.o(.text)
    RCC_IRQHandler                           0x080000e3   Thumb Code     0  startup_stm32f051x8.o(.text)
    RTC_IRQHandler                           0x080000e3   Thumb Code     0  startup_stm32f051x8.o(.text)
    SPI2_IRQHandler                          0x080000e3   Thumb Code     0  startup_stm32f051x8.o(.text)
    TIM14_IRQHandler                         0x080000e3   Thumb Code     0  startup_stm32f051x8.o(.text)
    TIM15_IRQHandler                         0x080000e3   Thumb Code     0  startup_stm32f051x8.o(.text)
    TIM16_IRQHandler                         0x080000e3   Thumb Code     0  startup_stm32f051x8.o(.text)
    TIM17_IRQHandler                         0x080000e3   Thumb Code     0  startup_stm32f051x8.o(.text)
    TIM1_BRK_UP_TRG_COM_IRQHandler           0x080000e3   Thumb Code     0  startup_stm32f051x8.o(.text)
    TIM1_CC_IRQHandler                       0x080000e3   Thumb Code     0  startup_stm32f051x8.o(.text)
    TIM2_IRQHandler                          0x080000e3   Thumb Code     0  startup_stm32f051x8.o(.text)
    TIM6_DAC_IRQHandler                      0x080000e3   Thumb Code     0  startup_stm32f051x8.o(.text)
    TSC_IRQHandler                           0x080000e3   Thumb Code     0  startup_stm32f051x8.o(.text)
    WWDG_IRQHandler                          0x080000e3   Thumb Code     0  startup_stm32f051x8.o(.text)
    __aeabi_uidiv                            0x080000ed   Thumb Code     0  uidiv.o(.text)
    __aeabi_uidivmod                         0x080000ed   Thumb Code    44  uidiv.o(.text)
    __aeabi_idiv                             0x08000119   Thumb Code     0  idiv.o(.text)
    __aeabi_idivmod                          0x08000119   Thumb Code    40  idiv.o(.text)
    __aeabi_llsr                             0x08000141   Thumb Code    34  llushr.o(.text)
    _ll_ushift_r                             0x08000141   Thumb Code     0  llushr.o(.text)
    __rt_ctype_table                         0x08000165   Thumb Code     4  ctype_o.o(.text)
    __aeabi_memcpy                           0x0800016d   Thumb Code    36  memcpya.o(.text)
    __aeabi_memcpy4                          0x0800016d   Thumb Code     0  memcpya.o(.text)
    __aeabi_memcpy8                          0x0800016d   Thumb Code     0  memcpya.o(.text)
    strlen                                   0x08000191   Thumb Code    14  strlen.o(.text)
    strcspn                                  0x0800019f   Thumb Code    34  strcspn.o(.text)
    __aeabi_fadd                             0x080001c1   Thumb Code   162  fadd.o(.text)
    __aeabi_fsub                             0x08000263   Thumb Code     8  fadd.o(.text)
    __aeabi_frsub                            0x0800026b   Thumb Code     8  fadd.o(.text)
    __aeabi_fmul                             0x08000273   Thumb Code   122  fmul.o(.text)
    __aeabi_fdiv                             0x080002ed   Thumb Code   124  fdiv.o(.text)
    __aeabi_dadd                             0x08000369   Thumb Code   328  dadd.o(.text)
    __aeabi_dsub                             0x080004b1   Thumb Code    12  dadd.o(.text)
    __aeabi_drsub                            0x080004bd   Thumb Code    12  dadd.o(.text)
    __aeabi_dmul                             0x080004cd   Thumb Code   202  dmul.o(.text)
    __aeabi_ddiv                             0x0800059d   Thumb Code   234  ddiv.o(.text)
    __aeabi_i2f                              0x0800068d   Thumb Code    22  fflti.o(.text)
    __aeabi_ui2d                             0x080006a5   Thumb Code    24  dfltui.o(.text)
    __aeabi_f2d                              0x080006c1   Thumb Code    40  f2d.o(.text)
    __aeabi_d2f                              0x080006e9   Thumb Code    56  d2f.o(.text)
    __aeabi_cfcmpeq                          0x08000721   Thumb Code     0  cfcmple.o(.text)
    __aeabi_cfcmple                          0x08000721   Thumb Code    20  cfcmple.o(.text)
    __aeabi_cfrcmple                         0x08000735   Thumb Code    20  cfrcmple.o(.text)
    __aeabi_uldivmod                         0x08000749   Thumb Code    96  uldiv.o(.text)
    __aeabi_llsl                             0x080007a9   Thumb Code    32  llshl.o(.text)
    _ll_shift_l                              0x080007a9   Thumb Code     0  llshl.o(.text)
    __aeabi_lasr                             0x080007c9   Thumb Code    38  llsshr.o(.text)
    _ll_sshift_r                             0x080007c9   Thumb Code     0  llsshr.o(.text)
    __I$use$fp                               0x080007ef   Thumb Code     0  iusefp.o(.text)
    _float_round                             0x080007ef   Thumb Code    16  fepilogue.o(.text)
    _float_epilogue                          0x080007ff   Thumb Code   114  fepilogue.o(.text)
    _double_round                            0x08000871   Thumb Code    26  depilogue.o(.text)
    _double_epilogue                         0x0800088b   Thumb Code   164  depilogue.o(.text)
    _dsqrt                                   0x0800092f   Thumb Code   162  dsqrt.o(.text)
    __aeabi_d2ulz                            0x080009d1   Thumb Code    54  dfixul.o(.text)
    __aeabi_cdrcmple                         0x08000a11   Thumb Code    38  cdrcmple.o(.text)
    __scatterload                            0x08000a39   Thumb Code    28  init.o(.text)
    __scatterload_rt2                        0x08000a39   Thumb Code     0  init.o(.text)
    ChipSelect                               0x08000a5d   Thumb Code   566  main.o(i.ChipSelect)
    EXTI2_3_IRQHandler                       0x08000cb1   Thumb Code    10  stm32f0xx_it.o(i.EXTI2_3_IRQHandler)
    HAL_Delay                                0x08000cbb   Thumb Code    22  stm32f0xx_hal.o(i.HAL_Delay)
    HAL_GPIO_EXTI_Callback                   0x08000cd1   Thumb Code     2  stm32f0xx_hal_gpio.o(i.HAL_GPIO_EXTI_Callback)
    HAL_GPIO_EXTI_IRQHandler                 0x08000cd5   Thumb Code    18  stm32f0xx_hal_gpio.o(i.HAL_GPIO_EXTI_IRQHandler)
    HAL_GPIO_Init                            0x08000ced   Thumb Code   524  stm32f0xx_hal_gpio.o(i.HAL_GPIO_Init)
    HAL_GPIO_ReadPin                         0x08000f69   Thumb Code    28  stm32f0xx_hal_gpio.o(i.HAL_GPIO_ReadPin)
    HAL_GPIO_TogglePin                       0x08000fc1   Thumb Code    26  stm32f0xx_hal_gpio.o(i.HAL_GPIO_TogglePin)
    HAL_GPIO_WritePin                        0x08001019   Thumb Code    46  stm32f0xx_hal_gpio.o(i.HAL_GPIO_WritePin)
    HAL_GetTick                              0x08001085   Thumb Code     6  stm32f0xx_hal.o(i.HAL_GetTick)
    HAL_IncTick                              0x08001091   Thumb Code    10  stm32f0xx_hal.o(i.HAL_IncTick)
    HAL_Init                                 0x080010a1   Thumb Code    26  stm32f0xx_hal.o(i.HAL_Init)
    HAL_InitTick                             0x080010c1   Thumb Code    34  stm32f0xx_hal.o(i.HAL_InitTick)
    HAL_MspInit                              0x080010e5   Thumb Code    30  stm32f0xx_hal_msp.o(i.HAL_MspInit)
    HAL_NVIC_EnableIRQ                       0x08001109   Thumb Code    28  stm32f0xx_hal_cortex.o(i.HAL_NVIC_EnableIRQ)
    HAL_NVIC_SetPriority                     0x08001165   Thumb Code    28  stm32f0xx_hal_cortex.o(i.HAL_NVIC_SetPriority)
    HAL_RCCEx_PeriphCLKConfig                0x080011bd   Thumb Code   318  stm32f0xx_hal_rcc_ex.o(i.HAL_RCCEx_PeriphCLKConfig)
    HAL_RCC_ClockConfig                      0x08001349   Thumb Code   434  stm32f0xx_hal_rcc.o(i.HAL_RCC_ClockConfig)
    HAL_RCC_GetHCLKFreq                      0x08001545   Thumb Code    26  stm32f0xx_hal_rcc.o(i.HAL_RCC_GetHCLKFreq)
    HAL_RCC_GetPCLK1Freq                     0x0800156d   Thumb Code    22  stm32f0xx_hal_rcc.o(i.HAL_RCC_GetPCLK1Freq)
    HAL_RCC_GetSysClockFreq                  0x0800158d   Thumb Code    76  stm32f0xx_hal_rcc.o(i.HAL_RCC_GetSysClockFreq)
    HAL_RCC_OscConfig                        0x08001605   Thumb Code  1452  stm32f0xx_hal_rcc.o(i.HAL_RCC_OscConfig)
    HAL_SPI_ErrorCallback                    0x08001bb9   Thumb Code     2  stm32f0xx_hal_spi.o(i.HAL_SPI_ErrorCallback)
    HAL_SPI_IRQHandler                       0x08001bbb   Thumb Code   138  stm32f0xx_hal_spi.o(i.HAL_SPI_IRQHandler)
    HAL_SPI_Init                             0x08001c45   Thumb Code   606  stm32f0xx_hal_spi.o(i.HAL_SPI_Init)
    HAL_SPI_MspInit                          0x08001eed   Thumb Code    76  stm32f0xx_hal_msp.o(i.HAL_SPI_MspInit)
    HAL_SPI_Receive                          0x08001f41   Thumb Code   548  stm32f0xx_hal_spi.o(i.HAL_SPI_Receive)
    HAL_SPI_Transmit                         0x08002171   Thumb Code   390  stm32f0xx_hal_spi.o(i.HAL_SPI_Transmit)
    HAL_SPI_TransmitReceive                  0x08002335   Thumb Code   668  stm32f0xx_hal_spi.o(i.HAL_SPI_TransmitReceive)
    HAL_SYSTICK_CLKSourceConfig              0x08002615   Thumb Code    38  stm32f0xx_hal_cortex.o(i.HAL_SYSTICK_CLKSourceConfig)
    HAL_SYSTICK_Callback                     0x0800267d   Thumb Code     2  stm32f0xx_hal_cortex.o(i.HAL_SYSTICK_Callback)
    HAL_SYSTICK_Config                       0x08002681   Thumb Code    38  stm32f0xx_hal_cortex.o(i.HAL_SYSTICK_Config)
    HAL_SYSTICK_IRQHandler                   0x080026b1   Thumb Code     8  stm32f0xx_hal_cortex.o(i.HAL_SYSTICK_IRQHandler)
    HAL_TIMEx_BreakCallback                  0x080026b9   Thumb Code     2  stm32f0xx_hal_tim_ex.o(i.HAL_TIMEx_BreakCallback)
    HAL_TIMEx_CommutationCallback            0x080026bb   Thumb Code     2  stm32f0xx_hal_tim_ex.o(i.HAL_TIMEx_CommutationCallback)
    HAL_TIMEx_MasterConfigSynchronization    0x080026bd   Thumb Code   184  stm32f0xx_hal_tim_ex.o(i.HAL_TIMEx_MasterConfigSynchronization)
    HAL_TIM_Base_Init                        0x080027c5   Thumb Code   168  stm32f0xx_hal_tim.o(i.HAL_TIM_Base_Init)
    HAL_TIM_Base_MspInit                     0x080028c1   Thumb Code    44  stm32f0xx_hal_msp.o(i.HAL_TIM_Base_MspInit)
    HAL_TIM_Base_Start_IT                    0x080028f5   Thumb Code    88  stm32f0xx_hal_tim.o(i.HAL_TIM_Base_Start_IT)
    HAL_TIM_ConfigClockSource                0x080029a1   Thumb Code   934  stm32f0xx_hal_tim.o(i.HAL_TIM_ConfigClockSource)
    HAL_TIM_IC_CaptureCallback               0x08002da5   Thumb Code     2  stm32f0xx_hal_tim.o(i.HAL_TIM_IC_CaptureCallback)
    HAL_TIM_IRQHandler                       0x08002da7   Thumb Code   354  stm32f0xx_hal_tim.o(i.HAL_TIM_IRQHandler)
    HAL_TIM_OC_DelayElapsedCallback          0x08002f09   Thumb Code     2  stm32f0xx_hal_tim.o(i.HAL_TIM_OC_DelayElapsedCallback)
    HAL_TIM_PWM_PulseFinishedCallback        0x08002f0b   Thumb Code     2  stm32f0xx_hal_tim.o(i.HAL_TIM_PWM_PulseFinishedCallback)
    HAL_TIM_PeriodElapsedCallback            0x08002f0d   Thumb Code     2  stm32f0xx_hal_tim.o(i.HAL_TIM_PeriodElapsedCallback)
    HAL_TIM_TriggerCallback                  0x08002f0f   Thumb Code     2  stm32f0xx_hal_tim.o(i.HAL_TIM_TriggerCallback)
    HAL_UARTEx_WakeupCallback                0x08002f11   Thumb Code     2  stm32f0xx_hal_uart_ex.o(i.HAL_UARTEx_WakeupCallback)
    HAL_UART_ErrorCallback                   0x08002f13   Thumb Code     2  stm32f0xx_hal_uart.o(i.HAL_UART_ErrorCallback)
    HAL_UART_IRQHandler                      0x08002f15   Thumb Code   228  stm32f0xx_hal_uart_ex.o(i.HAL_UART_IRQHandler)
    HAL_UART_Init                            0x08002ff9   Thumb Code   148  stm32f0xx_hal_uart.o(i.HAL_UART_Init)
    HAL_UART_MspInit                         0x080030d1   Thumb Code   130  stm32f0xx_hal_msp.o(i.HAL_UART_MspInit)
    HAL_UART_Receive_IT                      0x08003161   Thumb Code   144  stm32f0xx_hal_uart.o(i.HAL_UART_Receive_IT)
    HAL_UART_RxCpltCallback                  0x080031f5   Thumb Code     2  stm32f0xx_hal_uart.o(i.HAL_UART_RxCpltCallback)
    HAL_UART_Transmit                        0x080031f7   Thumb Code   186  stm32f0xx_hal_uart.o(i.HAL_UART_Transmit)
    HAL_UART_TxCpltCallback                  0x080032b1   Thumb Code     2  stm32f0xx_hal_uart.o(i.HAL_UART_TxCpltCallback)
    HardFault_Handler                        0x080032b3   Thumb Code     2  stm32f0xx_it.o(i.HardFault_Handler)
    INT_processNETMAINA                      0x080032b5   Thumb Code    64  handler.o(i.INT_processNETMAINA)
    INT_processPacket                        0x08003381   Thumb Code   218  protocol.o(i.INT_processPacket)
    INT_sendDataReportCmd                    0x080034f1   Thumb Code   134  protocol.o(i.INT_sendDataReportCmd)
    INT_sendNetworkMaintenanceCmd            0x080035a9   Thumb Code    70  protocol.o(i.INT_sendNetworkMaintenanceCmd)
    INT_sendPacket                           0x08003641   Thumb Code   132  handler.o(i.INT_sendPacket)
    INT_sendStatusReportCmd                  0x080036cd   Thumb Code   104  protocol.o(i.INT_sendStatusReportCmd)
    NMI_Handler                              0x080039a1   Thumb Code     2  stm32f0xx_it.o(i.NMI_Handler)
    ReadCurrent                              0x080039e9   Thumb Code   178  main.o(i.ReadCurrent)
    ReadVoltage                              0x08003abd   Thumb Code   310  main.o(i.ReadVoltage)
    Read_Switch                              0x08003c41   Thumb Code    84  main.o(i.Read_Switch)
    Remote_Relay                             0x08003ca1   Thumb Code   284  protocol.o(i.Remote_Relay)
    SPI1_IRQHandler                          0x08003e69   Thumb Code    10  stm32f0xx_it.o(i.SPI1_IRQHandler)
    SysTick_Handler                          0x0800404d   Thumb Code    12  stm32f0xx_it.o(i.SysTick_Handler)
    SystemClock_Config                       0x08004059   Thumb Code   100  main.o(i.SystemClock_Config)
    SystemInit                               0x080040bd   Thumb Code    78  system_stm32f0xx.o(i.SystemInit)
    TIM3_IRQHandler                          0x08004119   Thumb Code    42  stm32f0xx_it.o(i.TIM3_IRQHandler)
    TIM_Base_SetConfig                       0x08004151   Thumb Code   116  stm32f0xx_hal_tim.o(i.TIM_Base_SetConfig)
    UART_AdvFeatureConfig                    0x0800424d   Thumb Code   420  stm32f0xx_hal_uart.o(i.UART_AdvFeatureConfig)
    UART_CheckIdleState                      0x08004435   Thumb Code    84  stm32f0xx_hal_uart.o(i.UART_CheckIdleState)
    UART_EndTransmit_IT                      0x08004491   Thumb Code    38  stm32f0xx_hal_uart.o(i.UART_EndTransmit_IT)
    UART_Receive_IT                          0x080044b7   Thumb Code   142  stm32f0xx_hal_uart.o(i.UART_Receive_IT)
    UART_SetConfig                           0x08004545   Thumb Code   478  stm32f0xx_hal_uart.o(i.UART_SetConfig)
    UART_Transmit_IT                         0x08004781   Thumb Code   110  stm32f0xx_hal_uart.o(i.UART_Transmit_IT)
    UART_WaitOnFlagUntilTimeout              0x080047ef   Thumb Code   174  stm32f0xx_hal_uart.o(i.UART_WaitOnFlagUntilTimeout)
    USART1_IRQHandler                        0x0800489d   Thumb Code    10  stm32f0xx_it.o(i.USART1_IRQHandler)
    USART2_IRQHandler                        0x080048ad   Thumb Code    14  stm32f0xx_it.o(i.USART2_IRQHandler)
    __0vsprintf                              0x080048c1   Thumb Code    30  printfa.o(i.__0vsprintf)
    __1vsprintf                              0x080048c1   Thumb Code     0  printfa.o(i.__0vsprintf)
    __2vsprintf                              0x080048c1   Thumb Code     0  printfa.o(i.__0vsprintf)
    __c89vsprintf                            0x080048c1   Thumb Code     0  printfa.o(i.__0vsprintf)
    vsprintf                                 0x080048c1   Thumb Code     0  printfa.o(i.__0vsprintf)
    __ARM_clz                                0x080048e5   Thumb Code    46  depilogue.o(i.__ARM_clz)
    __ARM_common_switch8                     0x08004913   Thumb Code    26  stm32f0xx_hal_tim.o(i.__ARM_common_switch8)
    __scatterload_copy                       0x0800492d   Thumb Code    14  handlers.o(i.__scatterload_copy)
    __scatterload_null                       0x0800493b   Thumb Code     2  handlers.o(i.__scatterload_null)
    __scatterload_zeroinit                   0x0800493d   Thumb Code    14  handlers.o(i.__scatterload_zeroinit)
    __set_errno                              0x0800494d   Thumb Code     6  errno.o(i.__set_errno)
    assert_failed                            0x080051f3   Thumb Code     2  main.o(i.assert_failed)
    getADC                                   0x080051f5   Thumb Code   118  main.o(i.getADC)
    main                                     0x08005271   Thumb Code   548  main.o(i.main)
    nodeAddress_write                        0x08005615   Thumb Code    44  xbee.o(i.nodeAddress_write)
    print_debug                              0x08005669   Thumb Code    44  print_debug.o(i.print_debug)
    print_init                               0x0800574d   Thumb Code     6  print_debug.o(i.print_init)
    print_payload                            0x08005759   Thumb Code    68  print_debug.o(i.print_payload)
    process_cmdData                          0x0800579d   Thumb Code   108  xbeehandler.o(i.process_cmdData)
    sendDataReport                           0x08005885   Thumb Code   304  main.o(i.sendDataReport)
    sendStatusReport                         0x08005aa1   Thumb Code   244  main.o(i.sendStatusReport)
    sqrt                                     0x08005c85   Thumb Code    66  sqrt.o(i.sqrt)
    uart2_callback                           0x08005ccd   Thumb Code    60  uart2_manag.o(i.uart2_callback)
    uart2_flush                              0x08005d15   Thumb Code    12  uart2_manag.o(i.uart2_flush)
    uart2_read                               0x08005d25   Thumb Code    74  uart2_manag.o(i.uart2_read)
    uart2_write                              0x08005d75   Thumb Code    18  uart2_manag.o(i.uart2_write)
    xbee_checkAssociation                    0x08005d8d   Thumb Code    16  xbee.o(i.xbee_checkAssociation)
    xbee_checksum                            0x08005da1   Thumb Code    26  xbee.o(i.xbee_checksum)
    xbee_flush                               0x08005dbb   Thumb Code     8  xbee.o(i.xbee_flush)
    xbee_getserial                           0x08005dc5   Thumb Code   230  xbee.o(i.xbee_getserial)
    xbee_processATCMR                        0x08005f41   Thumb Code    42  xbeehandler.o(i.xbee_processATCMR)
    xbee_processMDS                          0x08005f6d   Thumb Code    90  xbeehandler.o(i.xbee_processMDS)
    xbee_processPacket                       0x080060e9   Thumb Code   220  xbee.o(i.xbee_processPacket)
    xbee_processZTS                          0x08006265   Thumb Code    16  xbeehandler.o(i.xbee_processZTS)
    xbee_read                                0x08006279   Thumb Code    18  xbee.o(i.xbee_read)
    xbee_readSerialNumber                    0x0800628d   Thumb Code    50  xbee.o(i.xbee_readSerialNumber)
    xbee_receivePacket                       0x080062e5   Thumb Code   220  xbee.o(i.xbee_receivePacket)
    xbee_sendAPI                             0x08006441   Thumb Code    86  xbee.o(i.xbee_sendAPI)
    xbee_sendATCommand                       0x080064dd   Thumb Code    76  xbee.o(i.xbee_sendATCommand)
    xbee_write                               0x08006559   Thumb Code    26  xbee.o(i.xbee_write)
    aAPBAHBPrescTable                        0x08006572   Data          16  stm32f0xx_hal_rcc.o(.constdata)
    __ctype_table                            0x08006582   Data         129  ctype_o.o(.constdata)
    Region$$Table$$Base                      0x08006698   Number         0  anon$$obj.o(Region$$Table)
    Region$$Table$$Limit                     0x080066b8   Number         0  anon$$obj.o(Region$$Table)
    countSampling                            0x20000004   Data           4  stm32f0xx_it.o(.data)
    FlagReadCurrent                          0x20000008   Data           4  stm32f0xx_it.o(.data)
    FlagReadVolt                             0x2000000c   Data           4  stm32f0xx_it.o(.data)
    FlagSendData                             0x20000010   Data           4  stm32f0xx_it.o(.data)
    StatusSampling                           0x20000014   Data           4  stm32f0xx_it.o(.data)
    number                                   0x20000018   Data           4  stm32f0xx_it.o(.data)
    FlagSendStatus                           0x2000001c   Data           4  stm32f0xx_it.o(.data)
    adcValue                                 0x20000020   Data           2  main.o(.data)
    status_sw                                0x20000024   Data           4  main.o(.data)
    event                                    0x20000028   Data           4  main.o(.data)
    timeStamp                                0x2000002c   Data           4  main.o(.data)
    stat_on                                  0x20000030   Data           4  main.o(.data)
    stat_off                                 0x20000034   Data           4  main.o(.data)
    joinState                                0x20000038   Data           4  main.o(.data)
    ret_SN                                   0x2000003c   Data           4  main.o(.data)
    value                                    0x20000040   Data           4  main.o(.data)
    Viout                                    0x20000044   Data           4  main.o(.data)
    Vdif                                     0x20000048   Data           4  main.o(.data)
    Vsq_avg                                  0x2000004c   Data           4  main.o(.data)
    Vavg                                     0x20000050   Data           4  main.o(.data)
    Iavg                                     0x20000054   Data           4  main.o(.data)
    Pavg                                     0x20000058   Data           4  main.o(.data)
    CURRENT_VOLT                             0x2000005c   Data           4  main.o(.data)
    CURRENT_AMP                              0x20000060   Data           4  main.o(.data)
    specData                                 0x20000064   Data          13  main.o(.data)
    avg                                      0x20000074   Data          16  main.o(.data)
    SystemCoreClock                          0x20000084   Data           4  system_stm32f0xx.o(.data)
    huart_intstanc                           0x20000088   Data           4  print_debug.o(.data)
    _hb_res                                  0x2000008c   Data           1  handler.o(.data)
    _hb_stat                                 0x2000008d   Data           1  handler.o(.data)
    _joinreq_res                             0x2000008e   Data           1  handler.o(.data)
    _joinreq_stat                            0x2000008f   Data           1  handler.o(.data)
    uart_2_buff                              0x20000090   Data           5  uart2_manag.o(.data)
    RECEIVER_ADDRESS                         0x20000095   Data           8  xbee.o(.data)
    SENDER_ADDRESS                           0x2000009d   Data           8  xbee.o(.data)
    _xbee_join                               0x200000a5   Data           1  xbeehandler.o(.data)
    _xbee_Assoc                              0x200000a6   Data           1  xbeehandler.o(.data)
    _xbee_chkAsso_res                        0x200000a7   Data           1  xbeehandler.o(.data)
    total                                    0x200000ac   Data          16  main.o(.bss)
    volt                                     0x200000bc   Data          16  main.o(.bss)
    amp                                      0x200000cc   Data          16  main.o(.bss)
    power                                    0x200000dc   Data          16  main.o(.bss)
    whour                                    0x200000ec   Data          16  main.o(.bss)
    Vsum                                     0x200000fc   Data          16  main.o(.bss)
    Isum                                     0x2000010c   Data          16  main.o(.bss)
    Psum                                     0x2000011c   Data          16  main.o(.bss)
    WHsum                                    0x2000012c   Data          16  main.o(.bss)
    hspi1                                    0x2000013c   Data         100  main.o(.bss)
    htim3                                    0x200001a0   Data          60  main.o(.bss)
    huart1                                   0x200001dc   Data         112  main.o(.bss)
    huart2                                   0x2000024c   Data         112  main.o(.bss)
    data_status                              0x200002bc   Data          48  main.o(.bss)
    statusRepParam                           0x200002ec   Data          13  main.o(.bss)
    data                                     0x200002fc   Data         128  main.o(.bss)
    Read_SW                                  0x2000037c   Data          16  main.o(.bss)
    recv_uart_2                              0x2000038c   Data         518  main.o(.bss)
    __initial_sp                             0x20000998   Data           0  startup_stm32f051x8.o(STACK)



==============================================================================

Memory Map of the image

  Image Entry point : 0x080000bd

  Load Region LR_IROM1 (Base: 0x08000000, Size: 0x00006764, Max: 0x00010000, ABSOLUTE)

    Execution Region ER_IROM1 (Base: 0x08000000, Size: 0x000066b8, Max: 0x00010000, ABSOLUTE)

    Base Addr    Size         Type   Attr      Idx    E Section Name        Object

    0x08000000   0x000000bc   Data   RO         2770    RESET               startup_stm32f051x8.o
    0x080000bc   0x00000000   Code   RO         3432  * .ARM.Collect$$$$00000000  mc_p.l(entry.o)
    0x080000bc   0x00000004   Code   RO         3531    .ARM.Collect$$$$00000001  mc_p.l(entry2.o)
    0x080000c0   0x00000004   Code   RO         3534    .ARM.Collect$$$$00000004  mc_p.l(entry5.o)
    0x080000c4   0x00000000   Code   RO         3536    .ARM.Collect$$$$00000008  mc_p.l(entry7b.o)
    0x080000c4   0x00000000   Code   RO         3538    .ARM.Collect$$$$0000000A  mc_p.l(entry8b.o)
    0x080000c4   0x00000008   Code   RO         3539    .ARM.Collect$$$$0000000B  mc_p.l(entry9a.o)
    0x080000cc   0x00000000   Code   RO         3541    .ARM.Collect$$$$0000000D  mc_p.l(entry10a.o)
    0x080000cc   0x00000000   Code   RO         3543    .ARM.Collect$$$$0000000F  mc_p.l(entry11a.o)
    0x080000cc   0x00000004   Code   RO         3532    .ARM.Collect$$$$00002712  mc_p.l(entry2.o)
    0x080000d0   0x0000001c   Code   RO         2771    .text               startup_stm32f051x8.o
    0x080000ec   0x0000002c   Code   RO         3435    .text               mc_p.l(uidiv.o)
    0x08000118   0x00000028   Code   RO         3437    .text               mc_p.l(idiv.o)
    0x08000140   0x00000022   Code   RO         3439    .text               mc_p.l(llushr.o)
    0x08000162   0x00000002   PAD
    0x08000164   0x00000008   Code   RO         3441    .text               mc_p.l(ctype_o.o)
    0x0800016c   0x00000024   Code   RO         3469    .text               mc_p.l(memcpya.o)
    0x08000190   0x0000000e   Code   RO         3473    .text               mc_p.l(strlen.o)
    0x0800019e   0x00000022   Code   RO         3475    .text               mc_p.l(strcspn.o)
    0x080001c0   0x000000b2   Code   RO         3507    .text               mf_p.l(fadd.o)
    0x08000272   0x0000007a   Code   RO         3509    .text               mf_p.l(fmul.o)
    0x080002ec   0x0000007c   Code   RO         3511    .text               mf_p.l(fdiv.o)
    0x08000368   0x00000164   Code   RO         3513    .text               mf_p.l(dadd.o)
    0x080004cc   0x000000d0   Code   RO         3515    .text               mf_p.l(dmul.o)
    0x0800059c   0x000000f0   Code   RO         3517    .text               mf_p.l(ddiv.o)
    0x0800068c   0x00000016   Code   RO         3519    .text               mf_p.l(fflti.o)
    0x080006a2   0x00000002   PAD
    0x080006a4   0x0000001c   Code   RO         3521    .text               mf_p.l(dfltui.o)
    0x080006c0   0x00000028   Code   RO         3523    .text               mf_p.l(f2d.o)
    0x080006e8   0x00000038   Code   RO         3525    .text               mf_p.l(d2f.o)
    0x08000720   0x00000014   Code   RO         3527    .text               mf_p.l(cfcmple.o)
    0x08000734   0x00000014   Code   RO         3529    .text               mf_p.l(cfrcmple.o)
    0x08000748   0x00000060   Code   RO         3548    .text               mc_p.l(uldiv.o)
    0x080007a8   0x00000020   Code   RO         3550    .text               mc_p.l(llshl.o)
    0x080007c8   0x00000026   Code   RO         3552    .text               mc_p.l(llsshr.o)
    0x080007ee   0x00000000   Code   RO         3561    .text               mc_p.l(iusefp.o)
    0x080007ee   0x00000082   Code   RO         3562    .text               mf_p.l(fepilogue.o)
    0x08000870   0x000000be   Code   RO         3564    .text               mf_p.l(depilogue.o)
    0x0800092e   0x000000a2   Code   RO         3568    .text               mf_p.l(dsqrt.o)
    0x080009d0   0x00000040   Code   RO         3570    .text               mf_p.l(dfixul.o)
    0x08000a10   0x00000028   Code   RO         3574    .text               mf_p.l(cdrcmple.o)
    0x08000a38   0x00000024   Code   RO         3576    .text               mc_p.l(init.o)
    0x08000a5c   0x00000254   Code   RO         2869    i.ChipSelect        main.o
    0x08000cb0   0x0000000a   Code   RO         2777    i.EXTI2_3_IRQHandler  stm32f0xx_it.o
    0x08000cba   0x00000016   Code   RO         1549    i.HAL_Delay         stm32f0xx_hal.o
    0x08000cd0   0x00000002   Code   RO         1663    i.HAL_GPIO_EXTI_Callback  stm32f0xx_hal_gpio.o
    0x08000cd2   0x00000002   PAD
    0x08000cd4   0x00000018   Code   RO         1664    i.HAL_GPIO_EXTI_IRQHandler  stm32f0xx_hal_gpio.o
    0x08000cec   0x0000027c   Code   RO         1665    i.HAL_GPIO_Init     stm32f0xx_hal_gpio.o
    0x08000f68   0x00000058   Code   RO         1667    i.HAL_GPIO_ReadPin  stm32f0xx_hal_gpio.o
    0x08000fc0   0x00000058   Code   RO         1668    i.HAL_GPIO_TogglePin  stm32f0xx_hal_gpio.o
    0x08001018   0x0000006c   Code   RO         1669    i.HAL_GPIO_WritePin  stm32f0xx_hal_gpio.o
    0x08001084   0x0000000c   Code   RO         1553    i.HAL_GetTick       stm32f0xx_hal.o
    0x08001090   0x00000010   Code   RO         1554    i.HAL_IncTick       stm32f0xx_hal.o
    0x080010a0   0x00000020   Code   RO         1555    i.HAL_Init          stm32f0xx_hal.o
    0x080010c0   0x00000022   Code   RO         1556    i.HAL_InitTick      stm32f0xx_hal.o
    0x080010e2   0x00000002   PAD
    0x080010e4   0x00000024   Code   RO         3010    i.HAL_MspInit       stm32f0xx_hal_msp.o
    0x08001108   0x0000005c   Code   RO         1379    i.HAL_NVIC_EnableIRQ  stm32f0xx_hal_cortex.o
    0x08001164   0x00000058   Code   RO         1383    i.HAL_NVIC_SetPriority  stm32f0xx_hal_cortex.o
    0x080011bc   0x0000018c   Code   RO          679    i.HAL_RCCEx_PeriphCLKConfig  stm32f0xx_hal_rcc_ex.o
    0x08001348   0x000001fc   Code   RO          583    i.HAL_RCC_ClockConfig  stm32f0xx_hal_rcc.o
    0x08001544   0x00000028   Code   RO          588    i.HAL_RCC_GetHCLKFreq  stm32f0xx_hal_rcc.o
    0x0800156c   0x00000020   Code   RO          590    i.HAL_RCC_GetPCLK1Freq  stm32f0xx_hal_rcc.o
    0x0800158c   0x00000078   Code   RO          591    i.HAL_RCC_GetSysClockFreq  stm32f0xx_hal_rcc.o
    0x08001604   0x000005b4   Code   RO          594    i.HAL_RCC_OscConfig  stm32f0xx_hal_rcc.o
    0x08001bb8   0x00000002   Code   RO         2474    i.HAL_SPI_ErrorCallback  stm32f0xx_hal_spi.o
    0x08001bba   0x0000008a   Code   RO         2477    i.HAL_SPI_IRQHandler  stm32f0xx_hal_spi.o
    0x08001c44   0x000002a8   Code   RO         2478    i.HAL_SPI_Init      stm32f0xx_hal_spi.o
    0x08001eec   0x00000054   Code   RO         3012    i.HAL_SPI_MspInit   stm32f0xx_hal_msp.o
    0x08001f40   0x00000230   Code   RO         2481    i.HAL_SPI_Receive   stm32f0xx_hal_spi.o
    0x08002170   0x000001c4   Code   RO         2486    i.HAL_SPI_Transmit  stm32f0xx_hal_spi.o
    0x08002334   0x000002e0   Code   RO         2487    i.HAL_SPI_TransmitReceive  stm32f0xx_hal_spi.o
    0x08002614   0x00000068   Code   RO         1385    i.HAL_SYSTICK_CLKSourceConfig  stm32f0xx_hal_cortex.o
    0x0800267c   0x00000002   Code   RO         1386    i.HAL_SYSTICK_Callback  stm32f0xx_hal_cortex.o
    0x0800267e   0x00000002   PAD
    0x08002680   0x00000030   Code   RO         1387    i.HAL_SYSTICK_Config  stm32f0xx_hal_cortex.o
    0x080026b0   0x00000008   Code   RO         1388    i.HAL_SYSTICK_IRQHandler  stm32f0xx_hal_cortex.o
    0x080026b8   0x00000002   Code   RO          198    i.HAL_TIMEx_BreakCallback  stm32f0xx_hal_tim_ex.o
    0x080026ba   0x00000002   Code   RO          199    i.HAL_TIMEx_CommutationCallback  stm32f0xx_hal_tim_ex.o
    0x080026bc   0x00000108   Code   RO          215    i.HAL_TIMEx_MasterConfigSynchronization  stm32f0xx_hal_tim_ex.o
    0x080027c4   0x000000fc   Code   RO         1726    i.HAL_TIM_Base_Init  stm32f0xx_hal_tim.o
    0x080028c0   0x00000034   Code   RO         3014    i.HAL_TIM_Base_MspInit  stm32f0xx_hal_msp.o
    0x080028f4   0x000000ac   Code   RO         1731    i.HAL_TIM_Base_Start_IT  stm32f0xx_hal_tim.o
    0x080029a0   0x00000404   Code   RO         1735    i.HAL_TIM_ConfigClockSource  stm32f0xx_hal_tim.o
    0x08002da4   0x00000002   Code   RO         1755    i.HAL_TIM_IC_CaptureCallback  stm32f0xx_hal_tim.o
    0x08002da6   0x00000162   Code   RO         1768    i.HAL_TIM_IRQHandler  stm32f0xx_hal_tim.o
    0x08002f08   0x00000002   Code   RO         1771    i.HAL_TIM_OC_DelayElapsedCallback  stm32f0xx_hal_tim.o
    0x08002f0a   0x00000002   Code   RO         1798    i.HAL_TIM_PWM_PulseFinishedCallback  stm32f0xx_hal_tim.o
    0x08002f0c   0x00000002   Code   RO         1805    i.HAL_TIM_PeriodElapsedCallback  stm32f0xx_hal_tim.o
    0x08002f0e   0x00000002   Code   RO         1809    i.HAL_TIM_TriggerCallback  stm32f0xx_hal_tim.o
    0x08002f10   0x00000002   Code   RO         1478    i.HAL_UARTEx_WakeupCallback  stm32f0xx_hal_uart_ex.o
    0x08002f12   0x00000002   Code   RO         1059    i.HAL_UART_ErrorCallback  stm32f0xx_hal_uart.o
    0x08002f14   0x000000e4   Code   RO         1479    i.HAL_UART_IRQHandler  stm32f0xx_hal_uart_ex.o
    0x08002ff8   0x000000d8   Code   RO         1062    i.HAL_UART_Init     stm32f0xx_hal_uart.o
    0x080030d0   0x00000090   Code   RO         3016    i.HAL_UART_MspInit  stm32f0xx_hal_msp.o
    0x08003160   0x00000094   Code   RO         1067    i.HAL_UART_Receive_IT  stm32f0xx_hal_uart.o
    0x080031f4   0x00000002   Code   RO         1068    i.HAL_UART_RxCpltCallback  stm32f0xx_hal_uart.o
    0x080031f6   0x000000ba   Code   RO         1070    i.HAL_UART_Transmit  stm32f0xx_hal_uart.o
    0x080032b0   0x00000002   Code   RO         1073    i.HAL_UART_TxCpltCallback  stm32f0xx_hal_uart.o
    0x080032b2   0x00000002   Code   RO         2778    i.HardFault_Handler  stm32f0xx_it.o
    0x080032b4   0x000000cc   Code   RO         3152    i.INT_processNETMAINA  handler.o
    0x08003380   0x00000170   Code   RO         3185    i.INT_processPacket  protocol.o
    0x080034f0   0x000000b8   Code   RO         3186    i.INT_sendDataReportCmd  protocol.o
    0x080035a8   0x00000098   Code   RO         3188    i.INT_sendNetworkMaintenanceCmd  protocol.o
    0x08003640   0x0000008c   Code   RO         3153    i.INT_sendPacket    handler.o
    0x080036cc   0x000000a4   Code   RO         3189    i.INT_sendStatusReportCmd  protocol.o
    0x08003770   0x0000018c   Code   RO         2870    i.MX_GPIO_Init      main.o
    0x080038fc   0x00000044   Code   RO         2871    i.MX_SPI1_Init      main.o
    0x08003940   0x00000030   Code   RO         2872    i.MX_USART1_UART_Init  main.o
    0x08003970   0x00000030   Code   RO         2873    i.MX_USART2_UART_Init  main.o
    0x080039a0   0x00000002   Code   RO         2779    i.NMI_Handler       stm32f0xx_it.o
    0x080039a2   0x00000002   PAD
    0x080039a4   0x00000044   Code   RO         1389    i.NVIC_SetPriority  stm32f0xx_hal_cortex.o
    0x080039e8   0x000000d4   Code   RO         2874    i.ReadCurrent       main.o
    0x08003abc   0x00000184   Code   RO         2875    i.ReadVoltage       main.o
    0x08003c40   0x00000060   Code   RO         2876    i.Read_Switch       main.o
    0x08003ca0   0x000001c8   Code   RO         3190    i.Remote_Relay      protocol.o
    0x08003e68   0x00000010   Code   RO         2780    i.SPI1_IRQHandler   stm32f0xx_it.o
    0x08003e78   0x0000006e   Code   RO         2512    i.SPI_EndRxTransaction  stm32f0xx_hal_spi.o
    0x08003ee6   0x00000032   Code   RO         2513    i.SPI_EndRxTxTransaction  stm32f0xx_hal_spi.o
    0x08003f18   0x000000a4   Code   RO         2520    i.SPI_WaitFifoStateUntilTimeout  stm32f0xx_hal_spi.o
    0x08003fbc   0x00000090   Code   RO         2521    i.SPI_WaitFlagStateUntilTimeout  stm32f0xx_hal_spi.o
    0x0800404c   0x0000000c   Code   RO         2781    i.SysTick_Handler   stm32f0xx_it.o
    0x08004058   0x00000064   Code   RO         2877    i.SystemClock_Config  main.o
    0x080040bc   0x0000005c   Code   RO         3067    i.SystemInit        system_stm32f0xx.o
    0x08004118   0x00000038   Code   RO         2782    i.TIM3_IRQHandler   stm32f0xx_it.o
    0x08004150   0x0000008c   Code   RO         1810    i.TIM_Base_SetConfig  stm32f0xx_hal_tim.o
    0x080041dc   0x00000016   Code   RO         1817    i.TIM_ETR_SetConfig  stm32f0xx_hal_tim.o
    0x080041f2   0x00000010   Code   RO         1818    i.TIM_ITRx_SetConfig  stm32f0xx_hal_tim.o
    0x08004202   0x00000022   Code   RO         1824    i.TIM_TI1_ConfigInputStage  stm32f0xx_hal_tim.o
    0x08004224   0x00000026   Code   RO         1826    i.TIM_TI2_ConfigInputStage  stm32f0xx_hal_tim.o
    0x0800424a   0x00000002   PAD
    0x0800424c   0x000001e8   Code   RO         1075    i.UART_AdvFeatureConfig  stm32f0xx_hal_uart.o
    0x08004434   0x0000005c   Code   RO         1076    i.UART_CheckIdleState  stm32f0xx_hal_uart.o
    0x08004490   0x00000026   Code   RO         1082    i.UART_EndTransmit_IT  stm32f0xx_hal_uart.o
    0x080044b6   0x0000008e   Code   RO         1083    i.UART_Receive_IT   stm32f0xx_hal_uart.o
    0x08004544   0x0000023c   Code   RO         1084    i.UART_SetConfig    stm32f0xx_hal_uart.o
    0x08004780   0x0000006e   Code   RO         1085    i.UART_Transmit_IT  stm32f0xx_hal_uart.o
    0x080047ee   0x000000ae   Code   RO         1086    i.UART_WaitOnFlagUntilTimeout  stm32f0xx_hal_uart.o
    0x0800489c   0x00000010   Code   RO         2783    i.USART1_IRQHandler  stm32f0xx_it.o
    0x080048ac   0x00000014   Code   RO         2784    i.USART2_IRQHandler  stm32f0xx_it.o
    0x080048c0   0x00000024   Code   RO         3486    i.__0vsprintf       mc_p.l(printfa.o)
    0x080048e4   0x0000002e   Code   RO         3566    i.__ARM_clz         mf_p.l(depilogue.o)
    0x08004912   0x0000001a   Code   RO         2346    i.__ARM_common_switch8  stm32f0xx_hal_tim.o
    0x0800492c   0x0000000e   Code   RO         3582    i.__scatterload_copy  mc_p.l(handlers.o)
    0x0800493a   0x00000002   Code   RO         3583    i.__scatterload_null  mc_p.l(handlers.o)
    0x0800493c   0x0000000e   Code   RO         3584    i.__scatterload_zeroinit  mc_p.l(handlers.o)
    0x0800494a   0x00000002   PAD
    0x0800494c   0x0000000c   Code   RO         3556    i.__set_errno       mc_p.l(errno.o)
    0x08004958   0x00000158   Code   RO         3487    i._fp_digits        mc_p.l(printfa.o)
    0x08004ab0   0x000006ec   Code   RO         3488    i._printf_core      mc_p.l(printfa.o)
    0x0800519c   0x00000020   Code   RO         3489    i._printf_post_padding  mc_p.l(printfa.o)
    0x080051bc   0x0000002c   Code   RO         3490    i._printf_pre_padding  mc_p.l(printfa.o)
    0x080051e8   0x0000000a   Code   RO         3492    i._sputc            mc_p.l(printfa.o)
    0x080051f2   0x00000002   Code   RO         2878    i.assert_failed     main.o
    0x080051f4   0x0000007c   Code   RO         2879    i.getADC            main.o
    0x08005270   0x000003a4   Code   RO         2880    i.main              main.o
    0x08005614   0x00000054   Code   RO         3277    i.nodeAddress_write  xbee.o
    0x08005668   0x00000030   Code   RO         3099    i.print_debug       print_debug.o
    0x08005698   0x000000b4   Code   RO         3101    i.print_hex_ascii_line  print_debug.o
    0x0800574c   0x0000000c   Code   RO         3102    i.print_init        print_debug.o
    0x08005758   0x00000044   Code   RO         3103    i.print_payload     print_debug.o
    0x0800579c   0x000000e8   Code   RO         3381    i.process_cmdData   xbeehandler.o
    0x08005884   0x0000021c   Code   RO         2883    i.sendDataReport    main.o
    0x08005aa0   0x000001e4   Code   RO         2884    i.sendStatusReport  main.o
    0x08005c84   0x00000048   Code   RO         3425    i.sqrt              m_ps.l(sqrt.o)
    0x08005ccc   0x00000048   Code   RO         3236    i.uart2_callback    uart2_manag.o
    0x08005d14   0x00000010   Code   RO         3237    i.uart2_flush       uart2_manag.o
    0x08005d24   0x00000050   Code   RO         3238    i.uart2_read        uart2_manag.o
    0x08005d74   0x00000018   Code   RO         3239    i.uart2_write       uart2_manag.o
    0x08005d8c   0x00000014   Code   RO         3280    i.xbee_checkAssociation  xbee.o
    0x08005da0   0x0000001a   Code   RO         3281    i.xbee_checksum     xbee.o
    0x08005dba   0x00000008   Code   RO         3282    i.xbee_flush        xbee.o
    0x08005dc2   0x00000002   PAD
    0x08005dc4   0x0000017c   Code   RO         3283    i.xbee_getserial    xbee.o
    0x08005f40   0x0000002a   Code   RO         3382    i.xbee_processATCMR  xbeehandler.o
    0x08005f6a   0x00000002   PAD
    0x08005f6c   0x0000017c   Code   RO         3383    i.xbee_processMDS   xbeehandler.o
    0x080060e8   0x0000017c   Code   RO         3284    i.xbee_processPacket  xbee.o
    0x08006264   0x00000014   Code   RO         3384    i.xbee_processZTS   xbeehandler.o
    0x08006278   0x00000012   Code   RO         3285    i.xbee_read         xbee.o
    0x0800628a   0x00000002   PAD
    0x0800628c   0x00000058   Code   RO         3286    i.xbee_readSerialNumber  xbee.o
    0x080062e4   0x0000015c   Code   RO         3287    i.xbee_receivePacket  xbee.o
    0x08006440   0x0000009c   Code   RO         3288    i.xbee_sendAPI      xbee.o
    0x080064dc   0x0000007c   Code   RO         3289    i.xbee_sendATCommand  xbee.o
    0x08006558   0x0000001a   Code   RO         3290    i.xbee_write        xbee.o
    0x08006572   0x00000010   Data   RO          595    .constdata          stm32f0xx_hal_rcc.o
    0x08006582   0x00000081   Data   RO         3442    .constdata          mc_p.l(ctype_o.o)
    0x08006603   0x00000001   PAD
    0x08006604   0x00000004   Data   RO         3443    .constdata          mc_p.l(ctype_o.o)
    0x08006608   0x0000008e   Data   RO         3191    .conststring        protocol.o
    0x08006696   0x00000002   PAD
    0x08006698   0x00000020   Data   RO         3580    Region$$Table       anon$$obj.o


    Execution Region RW_IRAM1 (Base: 0x20000000, Size: 0x00000998, Max: 0x00002000, ABSOLUTE)

    Base Addr    Size         Type   Attr      Idx    E Section Name        Object

    0x20000000   0x00000004   Data   RW         1561    .data               stm32f0xx_hal.o
    0x20000004   0x0000001c   Data   RW         2785    .data               stm32f0xx_it.o
    0x20000020   0x00000064   Data   RW         2889    .data               main.o
    0x20000084   0x00000004   Data   RW         3069    .data               system_stm32f0xx.o
    0x20000088   0x00000004   Data   RW         3104    .data               print_debug.o
    0x2000008c   0x00000004   Data   RW         3154    .data               handler.o
    0x20000090   0x00000005   Data   RW         3240    .data               uart2_manag.o
    0x20000095   0x00000008   Data   RW         3291    .data               xbee.o
    0x2000009d   0x00000008   Data   RW         3292    .data               xbee.o
    0x200000a5   0x00000003   Data   RW         3385    .data               xbeehandler.o
    0x200000a8   0x00000004   Data   RW         3557    .data               mc_p.l(errno.o)
    0x200000ac   0x000002e0   Zero   RW         2885    .bss                main.o
    0x2000038c   0x00000206   Zero   RW         2888    .bss                main.o
    0x20000592   0x00000006   PAD
    0x20000598   0x00000400   Zero   RW         2768    STACK               startup_stm32f051x8.o


==============================================================================

Image component sizes


      Code (inc. data)   RO Data    RW Data    ZI Data      Debug   Object Name

       344        148          0          4          0       1968   handler.o
      4034       1116          0        100       1254      13698   main.o
       308         38          0          4          0       3784   print_debug.o
      1324        514        142          0          0       5041   protocol.o
        28          8        188          0       1024        588   startup_stm32f051x8.o
       116         18          0          4          0       3498   stm32f0xx_hal.o
       410        208          0          0          0      10547   stm32f0xx_hal_cortex.o
         0          0          0          0          0     220756   stm32f0xx_hal_flash_ex.o
       946        302          0          0          0       4872   stm32f0xx_hal_gpio.o
       316         36          0          0          0       2686   stm32f0xx_hal_msp.o
      2160        222         16          0          0       5341   stm32f0xx_hal_rcc.o
       396         78          0          0          0       1320   stm32f0xx_hal_rcc_ex.o
      3036        228          0          0          0      10387   stm32f0xx_hal_spi.o
      2092        286          0          0          0      10139   stm32f0xx_hal_tim.o
       268         80          0          0          0       2318   stm32f0xx_hal_tim_ex.o
      2172        242          0          0          0      10527   stm32f0xx_hal_uart.o
       230          0          0          0          0       1758   stm32f0xx_hal_uart_ex.o
       134         32          0         28          0       3932   stm32f0xx_it.o
        92         14          0          4          0       1281   system_stm32f0xx.o
       192         28          0          5          0       2688   uart2_manag.o
      1658        656          0         16          0       8513   xbee.o
       674        418          0          3          0       2973   xbeehandler.o

    ----------------------------------------------------------------------
     20946       4672        380        168       2284     328615   Object Totals
         0          0         32          0          0          0   (incl. Generated)
        16          0          2          0          6          0   (incl. Padding)

    ----------------------------------------------------------------------

      Code (inc. data)   RO Data    RW Data    ZI Data      Debug   Library Member Name

        72          6          0          0          0         76   sqrt.o
         8          4        133          0          0         60   ctype_o.o
         0          0          0          0          0          0   entry.o
         0          0          0          0          0          0   entry10a.o
         0          0          0          0          0          0   entry11a.o
         8          4          0          0          0          0   entry2.o
         4          0          0          0          0          0   entry5.o
         0          0          0          0          0          0   entry7b.o
         0          0          0          0          0          0   entry8b.o
         8          4          0          0          0          0   entry9a.o
        12          6          0          4          0         60   errno.o
        30          0          0          0          0          0   handlers.o
        40          0          0          0          0         72   idiv.o
        36          8          0          0          0         68   init.o
         0          0          0          0          0          0   iusefp.o
        32          0          0          0          0         68   llshl.o
        38          0          0          0          0         68   llsshr.o
        34          0          0          0          0         68   llushr.o
        36          0          0          0          0         60   memcpya.o
      2238         96          0          0          0        460   printfa.o
        34          0          0          0          0         72   strcspn.o
        14          0          0          0          0         60   strlen.o
        44          0          0          0          0         72   uidiv.o
        96          0          0          0          0         84   uldiv.o
        40          2          0          0          0         68   cdrcmple.o
        20          0          0          0          0         68   cfcmple.o
        20          0          0          0          0         68   cfrcmple.o
        56          0          0          0          0         68   d2f.o
       356          4          0          0          0        140   dadd.o
       240          6          0          0          0         84   ddiv.o
       236          0          0          0          0        216   depilogue.o
        64         10          0          0          0         68   dfixul.o
        28          4          0          0          0         68   dfltui.o
       208          6          0          0          0         88   dmul.o
       162          0          0          0          0         80   dsqrt.o
        40          0          0          0          0         60   f2d.o
       178          0          0          0          0        108   fadd.o
       124          0          0          0          0         72   fdiv.o
       130          0          0          0          0        144   fepilogue.o
        22          0          0          0          0         68   fflti.o
       122          0          0          0          0         72   fmul.o

    ----------------------------------------------------------------------
      4836        160        134          4          0       2888   Library Totals
         6          0          1          0          0          0   (incl. Padding)

    ----------------------------------------------------------------------

      Code (inc. data)   RO Data    RW Data    ZI Data      Debug   Library Name

        72          6          0          0          0         76   m_ps.l
      2712        122        133          4          0       1272   mc_p.l
      2046         32          0          0          0       1540   mf_p.l

    ----------------------------------------------------------------------
      4836        160        134          4          0       2888   Library Totals

    ----------------------------------------------------------------------

==============================================================================


      Code (inc. data)   RO Data    RW Data    ZI Data      Debug   

     25782       4832        514        172       2284     324723   Grand Totals
     25782       4832        514        172       2284     324723   ELF Image Totals
     25782       4832        514        172          0          0   ROM Totals

==============================================================================

    Total RO  Size (Code + RO Data)                26296 (  25.68kB)
    Total RW  Size (RW Data + ZI Data)              2456 (   2.40kB)
    Total ROM Size (Code + RO Data + RW Data)      26468 (  25.85kB)

==============================================================================

